/Users/armagan/Documents/agent-mesh/projects/ethereum-economic-zone/03-creative/eez-logo-3d-lines/build_lines_3d.py:360: DeprecationWarning: 'Material.use_nodes' is expected to be removed in Blender 6.0
  mat.use_nodes = True
/Users/armagan/Documents/agent-mesh/projects/ethereum-economic-zone/03-creative/eez-logo-3d-lines/build_lines_3d.py:502: DeprecationWarning: 'World.use_nodes' is expected to be removed in Blender 6.0
  world.use_nodes = True
/Users/armagan/Documents/agent-mesh/projects/ethereum-economic-zone/03-creative/eez-logo-3d-lines/build_lines_3d.py:513: DeprecationWarning: 'Material.use_nodes' is expected to be removed in Blender 6.0
  fmat.use_nodes = True
/Users/armagan/Documents/agent-mesh/projects/ethereum-economic-zone/03-creative/eez-logo-3d-lines/build_lines_3d.py:601: DeprecationWarning: 'Material.use_nodes' is expected to be removed in Blender 6.0
  fmat_w.use_nodes = True
00:06.365  render           | Saved: '/Users/armagan/Documents/agent-mesh/projects/ethereum-economic-zone/03-creative/eez-logo-3d-lines/out/fidelity_matte.png'
00:10.355  render           | Saved: '/Users/armagan/Documents/agent-mesh/projects/ethereum-economic-zone/03-creative/eez-logo-3d-lines/out/frames_rgb/f_0001.png'
00:14.252  render           | Saved: '/Users/armagan/Documents/agent-mesh/projects/ethereum-economic-zone/03-creative/eez-logo-3d-lines/out/frames_rgb/f_0002.png'
00:18.310  render           | Saved: '/Users/armagan/Documents/agent-mesh/projects/ethereum-economic-zone/03-creative/eez-logo-3d-lines/out/frames_rgb/f_0003.png'
00:22.301  render           | Saved: '/Users/armagan/Documents/agent-mesh/projects/ethereum-economic-zone/03-creative/eez-logo-3d-lines/out/frames_rgb/f_0004.png'
00:26.224  render           | Saved: '/Users/armagan/Documents/agent-mesh/projects/ethereum-economic-zone/03-creative/eez-logo-3d-lines/out/frames_rgb/f_0005.png'
00:29.988  render           | Saved: '/Users/armagan/Documents/agent-mesh/projects/ethereum-economic-zone/03-creative/eez-logo-3d-lines/out/frames_rgb/f_0006.png'
00:33.664  render           | Saved: '/Users/armagan/Documents/agent-mesh/projects/ethereum-economic-zone/03-creative/eez-logo-3d-lines/out/frames_rgb/f_0007.png'
00:37.353  render           | Saved: '/Users/armagan/Documents/agent-mesh/projects/ethereum-economic-zone/03-creative/eez-logo-3d-lines/out/frames_rgb/f_0008.png'
00:41.201  render           | Saved: '/Users/armagan/Documents/agent-mesh/projects/ethereum-economic-zone/03-creative/eez-logo-3d-lines/out/frames_rgb/f_0009.png'
00:44.988  render           | Saved: '/Users/armagan/Documents/agent-mesh/projects/ethereum-economic-zone/03-creative/eez-logo-3d-lines/out/frames_rgb/f_0010.png'
00:48.834  render           | Saved: '/Users/armagan/Documents/agent-mesh/projects/ethereum-economic-zone/03-creative/eez-logo-3d-lines/out/frames_rgb/f_0011.png'
00:52.653  render           | Saved: '/Users/armagan/Documents/agent-mesh/projects/ethereum-economic-zone/03-creative/eez-logo-3d-lines/out/frames_rgb/f_0012.png'
00:56.422  render           | Saved: '/Users/armagan/Documents/agent-mesh/projects/ethereum-economic-zone/03-creative/eez-logo-3d-lines/out/frames_rgb/f_0013.png'
01:00.187  render           | Saved: '/Users/armagan/Documents/agent-mesh/projects/ethereum-economic-zone/03-creative/eez-logo-3d-lines/out/frames_rgb/f_0014.png'
01:03.955  render           | Saved: '/Users/armagan/Documents/agent-mesh/projects/ethereum-economic-zone/03-creative/eez-logo-3d-lines/out/frames_rgb/f_0015.png'
01:07.757  render           | Saved: '/Users/armagan/Documents/agent-mesh/projects/ethereum-economic-zone/03-creative/eez-logo-3d-lines/out/frames_rgb/f_0016.png'
01:11.512  render           | Saved: '/Users/armagan/Documents/agent-mesh/projects/ethereum-economic-zone/03-creative/eez-logo-3d-lines/out/frames_rgb/f_0017.png'
01:15.321  render           | Saved: '/Users/armagan/Documents/agent-mesh/projects/ethereum-economic-zone/03-creative/eez-logo-3d-lines/out/frames_rgb/f_0018.png'
01:19.081  render           | Saved: '/Users/armagan/Documents/agent-mesh/projects/ethereum-economic-zone/03-creative/eez-logo-3d-lines/out/frames_rgb/f_0019.png'
01:22.907  render           | Saved: '/Users/armagan/Documents/agent-mesh/projects/ethereum-economic-zone/03-creative/eez-logo-3d-lines/out/frames_rgb/f_0020.png'
01:26.800  render           | Saved: '/Users/armagan/Documents/agent-mesh/projects/ethereum-economic-zone/03-creative/eez-logo-3d-lines/out/frames_rgb/f_0021.png'
01:30.538  render           | Saved: '/Users/armagan/Documents/agent-mesh/projects/ethereum-economic-zone/03-creative/eez-logo-3d-lines/out/frames_rgb/f_0022.png'
01:34.299  render           | Saved: '/Users/armagan/Documents/agent-mesh/projects/ethereum-economic-zone/03-creative/eez-logo-3d-lines/out/frames_rgb/f_0023.png'
01:38.111  render           | Saved: '/Users/armagan/Documents/agent-mesh/projects/ethereum-economic-zone/03-creative/eez-logo-3d-lines/out/frames_rgb/f_0024.png'
01:41.935  render           | Saved: '/Users/armagan/Documents/agent-mesh/projects/ethereum-economic-zone/03-creative/eez-logo-3d-lines/out/frames_rgb/f_0025.png'
01:45.642  render           | Saved: '/Users/armagan/Documents/agent-mesh/projects/ethereum-economic-zone/03-creative/eez-logo-3d-lines/out/frames_rgb/f_0026.png'
01:49.346  render           | Saved: '/Users/armagan/Documents/agent-mesh/projects/ethereum-economic-zone/03-creative/eez-logo-3d-lines/out/frames_rgb/f_0027.png'
01:53.203  render           | Saved: '/Users/armagan/Documents/agent-mesh/projects/ethereum-economic-zone/03-creative/eez-logo-3d-lines/out/frames_rgb/f_0028.png'
01:56.814  render           | Saved: '/Users/armagan/Documents/agent-mesh/projects/ethereum-economic-zone/03-creative/eez-logo-3d-lines/out/frames_rgb/f_0029.png'
02:00.624  render           | Saved: '/Users/armagan/Documents/agent-mesh/projects/ethereum-economic-zone/03-creative/eez-logo-3d-lines/out/frames_rgb/f_0030.png'
02:04.840  render           | Saved: '/Users/armagan/Documents/agent-mesh/projects/ethereum-economic-zone/03-creative/eez-logo-3d-lines/out/frames_rgb/f_0031.png'
02:09.616  render           | Saved: '/Users/armagan/Documents/agent-mesh/projects/ethereum-economic-zone/03-creative/eez-logo-3d-lines/out/frames_rgb/f_0032.png'
02:14.448  render           | Saved: '/Users/armagan/Documents/agent-mesh/projects/ethereum-economic-zone/03-creative/eez-logo-3d-lines/out/frames_rgb/f_0033.png'
02:18.209  render           | Saved: '/Users/armagan/Documents/agent-mesh/projects/ethereum-economic-zone/03-creative/eez-logo-3d-lines/out/frames_rgb/f_0034.png'
02:21.965  render           | Saved: '/Users/armagan/Documents/agent-mesh/projects/ethereum-economic-zone/03-creative/eez-logo-3d-lines/out/frames_rgb/f_0035.png'
02:25.931  render           | Saved: '/Users/armagan/Documents/agent-mesh/projects/ethereum-economic-zone/03-creative/eez-logo-3d-lines/out/frames_rgb/f_0036.png'
02:29.748  render           | Saved: '/Users/armagan/Documents/agent-mesh/projects/ethereum-economic-zone/03-creative/eez-logo-3d-lines/out/frames_rgb/f_0037.png'
02:33.521  render           | Saved: '/Users/armagan/Documents/agent-mesh/projects/ethereum-economic-zone/03-creative/eez-logo-3d-lines/out/frames_rgb/f_0038.png'
02:37.655  render           | Saved: '/Users/armagan/Documents/agent-mesh/projects/ethereum-economic-zone/03-creative/eez-logo-3d-lines/out/frames_rgb/f_0039.png'
02:41.917  render           | Saved: '/Users/armagan/Documents/agent-mesh/projects/ethereum-economic-zone/03-creative/eez-logo-3d-lines/out/frames_rgb/f_0040.png'
02:45.673  render           | Saved: '/Users/armagan/Documents/agent-mesh/projects/ethereum-economic-zone/03-creative/eez-logo-3d-lines/out/frames_rgb/f_0041.png'
02:49.510  render           | Saved: '/Users/armagan/Documents/agent-mesh/projects/ethereum-economic-zone/03-creative/eez-logo-3d-lines/out/frames_rgb/f_0042.png'
02:53.835  render           | Saved: '/Users/armagan/Documents/agent-mesh/projects/ethereum-economic-zone/03-creative/eez-logo-3d-lines/out/frames_rgb/f_0043.png'
02:58.503  render           | Saved: '/Users/armagan/Documents/agent-mesh/projects/ethereum-economic-zone/03-creative/eez-logo-3d-lines/out/frames_rgb/f_0044.png'
03:02.873  render           | Saved: '/Users/armagan/Documents/agent-mesh/projects/ethereum-economic-zone/03-creative/eez-logo-3d-lines/out/frames_rgb/f_0045.png'
03:07.582  render           | Saved: '/Users/armagan/Documents/agent-mesh/projects/ethereum-economic-zone/03-creative/eez-logo-3d-lines/out/frames_rgb/f_0046.png'
03:11.761  render           | Saved: '/Users/armagan/Documents/agent-mesh/projects/ethereum-economic-zone/03-creative/eez-logo-3d-lines/out/frames_rgb/f_0047.png'
03:16.248  render           | Saved: '/Users/armagan/Documents/agent-mesh/projects/ethereum-economic-zone/03-creative/eez-logo-3d-lines/out/frames_rgb/f_0048.png'
03:20.155  render           | Saved: '/Users/armagan/Documents/agent-mesh/projects/ethereum-economic-zone/03-creative/eez-logo-3d-lines/out/frames_rgb/f_0049.png'
03:24.571  render           | Saved: '/Users/armagan/Documents/agent-mesh/projects/ethereum-economic-zone/03-creative/eez-logo-3d-lines/out/frames_rgb/f_0050.png'
03:28.940  render           | Saved: '/Users/armagan/Documents/agent-mesh/projects/ethereum-economic-zone/03-creative/eez-logo-3d-lines/out/frames_rgb/f_0051.png'
03:32.897  render           | Saved: '/Users/armagan/Documents/agent-mesh/projects/ethereum-economic-zone/03-creative/eez-logo-3d-lines/out/frames_rgb/f_0052.png'
03:36.842  render           | Saved: '/Users/armagan/Documents/agent-mesh/projects/ethereum-economic-zone/03-creative/eez-logo-3d-lines/out/frames_rgb/f_0053.png'
03:41.399  render           | Saved: '/Users/armagan/Documents/agent-mesh/projects/ethereum-economic-zone/03-creative/eez-logo-3d-lines/out/frames_rgb/f_0054.png'
03:45.361  render           | Saved: '/Users/armagan/Documents/agent-mesh/projects/ethereum-economic-zone/03-creative/eez-logo-3d-lines/out/frames_rgb/f_0055.png'
03:49.388  render           | Saved: '/Users/armagan/Documents/agent-mesh/projects/ethereum-economic-zone/03-creative/eez-logo-3d-lines/out/frames_rgb/f_0056.png'
03:53.580  render           | Saved: '/Users/armagan/Documents/agent-mesh/projects/ethereum-economic-zone/03-creative/eez-logo-3d-lines/out/frames_rgb/f_0057.png'
03:57.434  render           | Saved: '/Users/armagan/Documents/agent-mesh/projects/ethereum-economic-zone/03-creative/eez-logo-3d-lines/out/frames_rgb/f_0058.png'
04:01.751  render           | Saved: '/Users/armagan/Documents/agent-mesh/projects/ethereum-economic-zone/03-creative/eez-logo-3d-lines/out/frames_rgb/f_0059.png'
04:06.083  render           | Saved: '/Users/armagan/Documents/agent-mesh/projects/ethereum-economic-zone/03-creative/eez-logo-3d-lines/out/frames_rgb/f_0060.png'
04:09.977  render           | Saved: '/Users/armagan/Documents/agent-mesh/projects/ethereum-economic-zone/03-creative/eez-logo-3d-lines/out/frames_rgb/f_0061.png'
04:13.914  render           | Saved: '/Users/armagan/Documents/agent-mesh/projects/ethereum-economic-zone/03-creative/eez-logo-3d-lines/out/frames_rgb/f_0062.png'
04:17.927  render           | Saved: '/Users/armagan/Documents/agent-mesh/projects/ethereum-economic-zone/03-creative/eez-logo-3d-lines/out/frames_rgb/f_0063.png'
04:21.983  render           | Saved: '/Users/armagan/Documents/agent-mesh/projects/ethereum-economic-zone/03-creative/eez-logo-3d-lines/out/frames_rgb/f_0064.png'
04:26.436  render           | Saved: '/Users/armagan/Documents/agent-mesh/projects/ethereum-economic-zone/03-creative/eez-logo-3d-lines/out/frames_rgb/f_0065.png'
04:30.373  render           | Saved: '/Users/armagan/Documents/agent-mesh/projects/ethereum-economic-zone/03-creative/eez-logo-3d-lines/out/frames_rgb/f_0066.png'
04:34.885  render           | Saved: '/Users/armagan/Documents/agent-mesh/projects/ethereum-economic-zone/03-creative/eez-logo-3d-lines/out/frames_rgb/f_0067.png'
04:38.784  render           | Saved: '/Users/armagan/Documents/agent-mesh/projects/ethereum-economic-zone/03-creative/eez-logo-3d-lines/out/frames_rgb/f_0068.png'
04:42.902  render           | Saved: '/Users/armagan/Documents/agent-mesh/projects/ethereum-economic-zone/03-creative/eez-logo-3d-lines/out/frames_rgb/f_0069.png'
04:46.993  render           | Saved: '/Users/armagan/Documents/agent-mesh/projects/ethereum-economic-zone/03-creative/eez-logo-3d-lines/out/frames_rgb/f_0070.png'
04:51.171  render           | Saved: '/Users/armagan/Documents/agent-mesh/projects/ethereum-economic-zone/03-creative/eez-logo-3d-lines/out/frames_rgb/f_0071.png'
04:55.275  render           | Saved: '/Users/armagan/Documents/agent-mesh/projects/ethereum-economic-zone/03-creative/eez-logo-3d-lines/out/frames_rgb/f_0072.png'
04:59.716  render           | Saved: '/Users/armagan/Documents/agent-mesh/projects/ethereum-economic-zone/03-creative/eez-logo-3d-lines/out/frames_rgb/f_0073.png'
05:03.735  render           | Saved: '/Users/armagan/Documents/agent-mesh/projects/ethereum-economic-zone/03-creative/eez-logo-3d-lines/out/frames_rgb/f_0074.png'
05:07.875  render           | Saved: '/Users/armagan/Documents/agent-mesh/projects/ethereum-economic-zone/03-creative/eez-logo-3d-lines/out/frames_rgb/f_0075.png'
05:11.932  render           | Saved: '/Users/armagan/Documents/agent-mesh/projects/ethereum-economic-zone/03-creative/eez-logo-3d-lines/out/frames_rgb/f_0076.png'
05:16.636  render           | Saved: '/Users/armagan/Documents/agent-mesh/projects/ethereum-economic-zone/03-creative/eez-logo-3d-lines/out/frames_rgb/f_0077.png'
05:21.000  render           | Saved: '/Users/armagan/Documents/agent-mesh/projects/ethereum-economic-zone/03-creative/eez-logo-3d-lines/out/frames_rgb/f_0078.png'
05:25.362  render           | Saved: '/Users/armagan/Documents/agent-mesh/projects/ethereum-economic-zone/03-creative/eez-logo-3d-lines/out/frames_rgb/f_0079.png'
05:29.373  render           | Saved: '/Users/armagan/Documents/agent-mesh/projects/ethereum-economic-zone/03-creative/eez-logo-3d-lines/out/frames_rgb/f_0080.png'
05:33.383  render           | Saved: '/Users/armagan/Documents/agent-mesh/projects/ethereum-economic-zone/03-creative/eez-logo-3d-lines/out/frames_rgb/f_0081.png'
05:37.473  render           | Saved: '/Users/armagan/Documents/agent-mesh/projects/ethereum-economic-zone/03-creative/eez-logo-3d-lines/out/frames_rgb/f_0082.png'
05:41.853  render           | Saved: '/Users/armagan/Documents/agent-mesh/projects/ethereum-economic-zone/03-creative/eez-logo-3d-lines/out/frames_rgb/f_0083.png'
05:46.104  render           | Saved: '/Users/armagan/Documents/agent-mesh/projects/ethereum-economic-zone/03-creative/eez-logo-3d-lines/out/frames_rgb/f_0084.png'
05:50.681  render           | Saved: '/Users/armagan/Documents/agent-mesh/projects/ethereum-economic-zone/03-creative/eez-logo-3d-lines/out/frames_rgb/f_0085.png'
05:55.213  render           | Saved: '/Users/armagan/Documents/agent-mesh/projects/ethereum-economic-zone/03-creative/eez-logo-3d-lines/out/frames_rgb/f_0086.png'
05:59.653  render           | Saved: '/Users/armagan/Documents/agent-mesh/projects/ethereum-economic-zone/03-creative/eez-logo-3d-lines/out/frames_rgb/f_0087.png'
06:04.003  render           | Saved: '/Users/armagan/Documents/agent-mesh/projects/ethereum-economic-zone/03-creative/eez-logo-3d-lines/out/frames_rgb/f_0088.png'
06:08.374  render           | Saved: '/Users/armagan/Documents/agent-mesh/projects/ethereum-economic-zone/03-creative/eez-logo-3d-lines/out/frames_rgb/f_0089.png'
06:12.677  render           | Saved: '/Users/armagan/Documents/agent-mesh/projects/ethereum-economic-zone/03-creative/eez-logo-3d-lines/out/frames_rgb/f_0090.png'
06:17.966  render           | Saved: '/Users/armagan/Documents/agent-mesh/projects/ethereum-economic-zone/03-creative/eez-logo-3d-lines/out/frames_rgb/f_0091.png'
06:22.110  render           | Saved: '/Users/armagan/Documents/agent-mesh/projects/ethereum-economic-zone/03-creative/eez-logo-3d-lines/out/frames_rgb/f_0092.png'
06:27.793  render           | Saved: '/Users/armagan/Documents/agent-mesh/projects/ethereum-economic-zone/03-creative/eez-logo-3d-lines/out/frames_rgb/f_0093.png'
06:32.164  render           | Saved: '/Users/armagan/Documents/agent-mesh/projects/ethereum-economic-zone/03-creative/eez-logo-3d-lines/out/frames_rgb/f_0094.png'
06:36.406  render           | Saved: '/Users/armagan/Documents/agent-mesh/projects/ethereum-economic-zone/03-creative/eez-logo-3d-lines/out/frames_rgb/f_0095.png'
06:40.511  render           | Saved: '/Users/armagan/Documents/agent-mesh/projects/ethereum-economic-zone/03-creative/eez-logo-3d-lines/out/frames_rgb/f_0096.png'
06:44.705  render           | Saved: '/Users/armagan/Documents/agent-mesh/projects/ethereum-economic-zone/03-creative/eez-logo-3d-lines/out/frames_rgb/f_0097.png'
06:48.842  render           | Saved: '/Users/armagan/Documents/agent-mesh/projects/ethereum-economic-zone/03-creative/eez-logo-3d-lines/out/frames_rgb/f_0098.png'
06:52.884  render           | Saved: '/Users/armagan/Documents/agent-mesh/projects/ethereum-economic-zone/03-creative/eez-logo-3d-lines/out/frames_rgb/f_0099.png'
06:57.081  render           | Saved: '/Users/armagan/Documents/agent-mesh/projects/ethereum-economic-zone/03-creative/eez-logo-3d-lines/out/frames_rgb/f_0100.png'
07:01.767  render           | Saved: '/Users/armagan/Documents/agent-mesh/projects/ethereum-economic-zone/03-creative/eez-logo-3d-lines/out/frames_rgb/f_0101.png'
07:06.760  render           | Saved: '/Users/armagan/Documents/agent-mesh/projects/ethereum-economic-zone/03-creative/eez-logo-3d-lines/out/frames_rgb/f_0102.png'
07:11.603  render           | Saved: '/Users/armagan/Documents/agent-mesh/projects/ethereum-economic-zone/03-creative/eez-logo-3d-lines/out/frames_rgb/f_0103.png'
07:16.054  render           | Saved: '/Users/armagan/Documents/agent-mesh/projects/ethereum-economic-zone/03-creative/eez-logo-3d-lines/out/frames_rgb/f_0104.png'
07:20.390  render           | Saved: '/Users/armagan/Documents/agent-mesh/projects/ethereum-economic-zone/03-creative/eez-logo-3d-lines/out/frames_rgb/f_0105.png'
07:27.856  render           | Saved: '/Users/armagan/Documents/agent-mesh/projects/ethereum-economic-zone/03-creative/eez-logo-3d-lines/out/frames_rgb/f_0106.png'
07:32.949  render           | Saved: '/Users/armagan/Documents/agent-mesh/projects/ethereum-economic-zone/03-creative/eez-logo-3d-lines/out/frames_rgb/f_0107.png'
07:37.602  render           | Saved: '/Users/armagan/Documents/agent-mesh/projects/ethereum-economic-zone/03-creative/eez-logo-3d-lines/out/frames_rgb/f_0108.png'
07:42.587  render           | Saved: '/Users/armagan/Documents/agent-mesh/projects/ethereum-economic-zone/03-creative/eez-logo-3d-lines/out/frames_rgb/f_0109.png'
07:46.953  render           | Saved: '/Users/armagan/Documents/agent-mesh/projects/ethereum-economic-zone/03-creative/eez-logo-3d-lines/out/frames_rgb/f_0110.png'
07:51.425  render           | Saved: '/Users/armagan/Documents/agent-mesh/projects/ethereum-economic-zone/03-creative/eez-logo-3d-lines/out/frames_rgb/f_0111.png'
07:57.418  render           | Saved: '/Users/armagan/Documents/agent-mesh/projects/ethereum-economic-zone/03-creative/eez-logo-3d-lines/out/frames_rgb/f_0112.png'
08:03.596  render           | Saved: '/Users/armagan/Documents/agent-mesh/projects/ethereum-economic-zone/03-creative/eez-logo-3d-lines/out/frames_rgb/f_0113.png'
08:09.414  render           | Saved: '/Users/armagan/Documents/agent-mesh/projects/ethereum-economic-zone/03-creative/eez-logo-3d-lines/out/frames_rgb/f_0114.png'
08:15.719  render           | Saved: '/Users/armagan/Documents/agent-mesh/projects/ethereum-economic-zone/03-creative/eez-logo-3d-lines/out/frames_rgb/f_0115.png'
08:21.761  render           | Saved: '/Users/armagan/Documents/agent-mesh/projects/ethereum-economic-zone/03-creative/eez-logo-3d-lines/out/frames_rgb/f_0116.png'
08:27.416  render           | Saved: '/Users/armagan/Documents/agent-mesh/projects/ethereum-economic-zone/03-creative/eez-logo-3d-lines/out/frames_rgb/f_0117.png'
08:31.995  render           | Saved: '/Users/armagan/Documents/agent-mesh/projects/ethereum-economic-zone/03-creative/eez-logo-3d-lines/out/frames_rgb/f_0118.png'
08:36.607  render           | Saved: '/Users/armagan/Documents/agent-mesh/projects/ethereum-economic-zone/03-creative/eez-logo-3d-lines/out/frames_rgb/f_0119.png'
08:41.083  render           | Saved: '/Users/armagan/Documents/agent-mesh/projects/ethereum-economic-zone/03-creative/eez-logo-3d-lines/out/frames_rgb/f_0120.png'
08:45.460  render           | Saved: '/Users/armagan/Documents/agent-mesh/projects/ethereum-economic-zone/03-creative/eez-logo-3d-lines/out/frames_rgb/f_0121.png'
08:49.566  render           | Saved: '/Users/armagan/Documents/agent-mesh/projects/ethereum-economic-zone/03-creative/eez-logo-3d-lines/out/frames_rgb/f_0122.png'
08:53.686  render           | Saved: '/Users/armagan/Documents/agent-mesh/projects/ethereum-economic-zone/03-creative/eez-logo-3d-lines/out/frames_rgb/f_0123.png'
08:57.873  render           | Saved: '/Users/armagan/Documents/agent-mesh/projects/ethereum-economic-zone/03-creative/eez-logo-3d-lines/out/frames_rgb/f_0124.png'
09:01.994  render           | Saved: '/Users/armagan/Documents/agent-mesh/projects/ethereum-economic-zone/03-creative/eez-logo-3d-lines/out/frames_rgb/f_0125.png'
09:06.284  render           | Saved: '/Users/armagan/Documents/agent-mesh/projects/ethereum-economic-zone/03-creative/eez-logo-3d-lines/out/frames_rgb/f_0126.png'
09:10.337  render           | Saved: '/Users/armagan/Documents/agent-mesh/projects/ethereum-economic-zone/03-creative/eez-logo-3d-lines/out/frames_rgb/f_0127.png'
09:14.487  render           | Saved: '/Users/armagan/Documents/agent-mesh/projects/ethereum-economic-zone/03-creative/eez-logo-3d-lines/out/frames_rgb/f_0128.png'
09:18.713  render           | Saved: '/Users/armagan/Documents/agent-mesh/projects/ethereum-economic-zone/03-creative/eez-logo-3d-lines/out/frames_rgb/f_0129.png'
09:22.735  render           | Saved: '/Users/armagan/Documents/agent-mesh/projects/ethereum-economic-zone/03-creative/eez-logo-3d-lines/out/frames_rgb/f_0130.png'
09:26.923  render           | Saved: '/Users/armagan/Documents/agent-mesh/projects/ethereum-economic-zone/03-creative/eez-logo-3d-lines/out/frames_rgb/f_0131.png'
09:30.958  render           | Saved: '/Users/armagan/Documents/agent-mesh/projects/ethereum-economic-zone/03-creative/eez-logo-3d-lines/out/frames_rgb/f_0132.png'
09:35.035  render           | Saved: '/Users/armagan/Documents/agent-mesh/projects/ethereum-economic-zone/03-creative/eez-logo-3d-lines/out/frames_rgb/f_0133.png'
09:39.072  render           | Saved: '/Users/armagan/Documents/agent-mesh/projects/ethereum-economic-zone/03-creative/eez-logo-3d-lines/out/frames_rgb/f_0134.png'
09:43.193  render           | Saved: '/Users/armagan/Documents/agent-mesh/projects/ethereum-economic-zone/03-creative/eez-logo-3d-lines/out/frames_rgb/f_0135.png'
09:47.365  render           | Saved: '/Users/armagan/Documents/agent-mesh/projects/ethereum-economic-zone/03-creative/eez-logo-3d-lines/out/frames_rgb/f_0136.png'
09:51.445  render           | Saved: '/Users/armagan/Documents/agent-mesh/projects/ethereum-economic-zone/03-creative/eez-logo-3d-lines/out/frames_rgb/f_0137.png'
09:55.583  render           | Saved: '/Users/armagan/Documents/agent-mesh/projects/ethereum-economic-zone/03-creative/eez-logo-3d-lines/out/frames_rgb/f_0138.png'
09:59.705  render           | Saved: '/Users/armagan/Documents/agent-mesh/projects/ethereum-economic-zone/03-creative/eez-logo-3d-lines/out/frames_rgb/f_0139.png'
10:05.110  render           | Saved: '/Users/armagan/Documents/agent-mesh/projects/ethereum-economic-zone/03-creative/eez-logo-3d-lines/out/frames_rgb/f_0140.png'
10:09.270  render           | Saved: '/Users/armagan/Documents/agent-mesh/projects/ethereum-economic-zone/03-creative/eez-logo-3d-lines/out/frames_rgb/f_0141.png'
10:13.339  render           | Saved: '/Users/armagan/Documents/agent-mesh/projects/ethereum-economic-zone/03-creative/eez-logo-3d-lines/out/frames_rgb/f_0142.png'
10:17.628  render           | Saved: '/Users/armagan/Documents/agent-mesh/projects/ethereum-economic-zone/03-creative/eez-logo-3d-lines/out/frames_rgb/f_0143.png'
10:22.576  render           | Saved: '/Users/armagan/Documents/agent-mesh/projects/ethereum-economic-zone/03-creative/eez-logo-3d-lines/out/frames_rgb/f_0144.png'
10:26.715  render           | Saved: '/Users/armagan/Documents/agent-mesh/projects/ethereum-economic-zone/03-creative/eez-logo-3d-lines/out/frames_rgb/f_0145.png'
10:32.005  render           | Saved: '/Users/armagan/Documents/agent-mesh/projects/ethereum-economic-zone/03-creative/eez-logo-3d-lines/out/frames_rgb/f_0146.png'
10:36.616  render           | Saved: '/Users/armagan/Documents/agent-mesh/projects/ethereum-economic-zone/03-creative/eez-logo-3d-lines/out/frames_rgb/f_0147.png'
10:41.105  render           | Saved: '/Users/armagan/Documents/agent-mesh/projects/ethereum-economic-zone/03-creative/eez-logo-3d-lines/out/frames_rgb/f_0148.png'
10:46.080  render           | Saved: '/Users/armagan/Documents/agent-mesh/projects/ethereum-economic-zone/03-creative/eez-logo-3d-lines/out/frames_rgb/f_0149.png'
10:51.590  render           | Saved: '/Users/armagan/Documents/agent-mesh/projects/ethereum-economic-zone/03-creative/eez-logo-3d-lines/out/frames_rgb/f_0150.png'
10:56.966  render           | Saved: '/Users/armagan/Documents/agent-mesh/projects/ethereum-economic-zone/03-creative/eez-logo-3d-lines/out/frames_rgb/f_0151.png'
11:01.833  render           | Saved: '/Users/armagan/Documents/agent-mesh/projects/ethereum-economic-zone/03-creative/eez-logo-3d-lines/out/frames_rgb/f_0152.png'
11:06.575  render           | Saved: '/Users/armagan/Documents/agent-mesh/projects/ethereum-economic-zone/03-creative/eez-logo-3d-lines/out/frames_rgb/f_0153.png'
11:11.163  render           | Saved: '/Users/armagan/Documents/agent-mesh/projects/ethereum-economic-zone/03-creative/eez-logo-3d-lines/out/frames_rgb/f_0154.png'
11:15.615  render           | Saved: '/Users/armagan/Documents/agent-mesh/projects/ethereum-economic-zone/03-creative/eez-logo-3d-lines/out/frames_rgb/f_0155.png'
11:20.050  render           | Saved: '/Users/armagan/Documents/agent-mesh/projects/ethereum-economic-zone/03-creative/eez-logo-3d-lines/out/frames_rgb/f_0156.png'
11:24.852  render           | Saved: '/Users/armagan/Documents/agent-mesh/projects/ethereum-economic-zone/03-creative/eez-logo-3d-lines/out/frames_rgb/f_0157.png'
11:29.448  render           | Saved: '/Users/armagan/Documents/agent-mesh/projects/ethereum-economic-zone/03-creative/eez-logo-3d-lines/out/frames_rgb/f_0158.png'
11:33.972  render           | Saved: '/Users/armagan/Documents/agent-mesh/projects/ethereum-economic-zone/03-creative/eez-logo-3d-lines/out/frames_rgb/f_0159.png'
11:38.487  render           | Saved: '/Users/armagan/Documents/agent-mesh/projects/ethereum-economic-zone/03-creative/eez-logo-3d-lines/out/frames_rgb/f_0160.png'
11:43.042  render           | Saved: '/Users/armagan/Documents/agent-mesh/projects/ethereum-economic-zone/03-creative/eez-logo-3d-lines/out/frames_rgb/f_0161.png'
11:47.659  render           | Saved: '/Users/armagan/Documents/agent-mesh/projects/ethereum-economic-zone/03-creative/eez-logo-3d-lines/out/frames_rgb/f_0162.png'
11:52.179  render           | Saved: '/Users/armagan/Documents/agent-mesh/projects/ethereum-economic-zone/03-creative/eez-logo-3d-lines/out/frames_rgb/f_0163.png'
11:56.757  render           | Saved: '/Users/armagan/Documents/agent-mesh/projects/ethereum-economic-zone/03-creative/eez-logo-3d-lines/out/frames_rgb/f_0164.png'
12:01.217  render           | Saved: '/Users/armagan/Documents/agent-mesh/projects/ethereum-economic-zone/03-creative/eez-logo-3d-lines/out/frames_rgb/f_0165.png'
12:05.822  render           | Saved: '/Users/armagan/Documents/agent-mesh/projects/ethereum-economic-zone/03-creative/eez-logo-3d-lines/out/frames_rgb/f_0166.png'
12:10.279  render           | Saved: '/Users/armagan/Documents/agent-mesh/projects/ethereum-economic-zone/03-creative/eez-logo-3d-lines/out/frames_rgb/f_0167.png'
12:14.860  render           | Saved: '/Users/armagan/Documents/agent-mesh/projects/ethereum-economic-zone/03-creative/eez-logo-3d-lines/out/frames_rgb/f_0168.png'
12:19.566  render           | Saved: '/Users/armagan/Documents/agent-mesh/projects/ethereum-economic-zone/03-creative/eez-logo-3d-lines/out/frames_rgb/f_0169.png'
12:24.430  render           | Saved: '/Users/armagan/Documents/agent-mesh/projects/ethereum-economic-zone/03-creative/eez-logo-3d-lines/out/frames_rgb/f_0170.png'
12:29.164  render           | Saved: '/Users/armagan/Documents/agent-mesh/projects/ethereum-economic-zone/03-creative/eez-logo-3d-lines/out/frames_rgb/f_0171.png'
12:33.888  render           | Saved: '/Users/armagan/Documents/agent-mesh/projects/ethereum-economic-zone/03-creative/eez-logo-3d-lines/out/frames_rgb/f_0172.png'
12:39.789  render           | Saved: '/Users/armagan/Documents/agent-mesh/projects/ethereum-economic-zone/03-creative/eez-logo-3d-lines/out/frames_rgb/f_0173.png'
12:45.002  render           | Saved: '/Users/armagan/Documents/agent-mesh/projects/ethereum-economic-zone/03-creative/eez-logo-3d-lines/out/frames_rgb/f_0174.png'
12:53.705  render           | Saved: '/Users/armagan/Documents/agent-mesh/projects/ethereum-economic-zone/03-creative/eez-logo-3d-lines/out/frames_rgb/f_0175.png'
12:58.530  render           | Saved: '/Users/armagan/Documents/agent-mesh/projects/ethereum-economic-zone/03-creative/eez-logo-3d-lines/out/frames_rgb/f_0176.png'
13:03.412  render           | Saved: '/Users/armagan/Documents/agent-mesh/projects/ethereum-economic-zone/03-creative/eez-logo-3d-lines/out/frames_rgb/f_0177.png'
13:07.836  render           | Saved: '/Users/armagan/Documents/agent-mesh/projects/ethereum-economic-zone/03-creative/eez-logo-3d-lines/out/frames_rgb/f_0178.png'
13:12.080  render           | Saved: '/Users/armagan/Documents/agent-mesh/projects/ethereum-economic-zone/03-creative/eez-logo-3d-lines/out/frames_rgb/f_0179.png'
13:16.264  render           | Saved: '/Users/armagan/Documents/agent-mesh/projects/ethereum-economic-zone/03-creative/eez-logo-3d-lines/out/frames_rgb/f_0180.png'
13:20.800  render           | Saved: '/Users/armagan/Documents/agent-mesh/projects/ethereum-economic-zone/03-creative/eez-logo-3d-lines/out/frames_rgb/f_0181.png'
13:25.249  render           | Saved: '/Users/armagan/Documents/agent-mesh/projects/ethereum-economic-zone/03-creative/eez-logo-3d-lines/out/frames_rgb/f_0182.png'
13:29.409  render           | Saved: '/Users/armagan/Documents/agent-mesh/projects/ethereum-economic-zone/03-creative/eez-logo-3d-lines/out/frames_rgb/f_0183.png'
13:33.554  render           | Saved: '/Users/armagan/Documents/agent-mesh/projects/ethereum-economic-zone/03-creative/eez-logo-3d-lines/out/frames_rgb/f_0184.png'
13:37.775  render           | Saved: '/Users/armagan/Documents/agent-mesh/projects/ethereum-economic-zone/03-creative/eez-logo-3d-lines/out/frames_rgb/f_0185.png'
13:41.925  render           | Saved: '/Users/armagan/Documents/agent-mesh/projects/ethereum-economic-zone/03-creative/eez-logo-3d-lines/out/frames_rgb/f_0186.png'
13:46.250  render           | Saved: '/Users/armagan/Documents/agent-mesh/projects/ethereum-economic-zone/03-creative/eez-logo-3d-lines/out/frames_rgb/f_0187.png'
13:50.348  render           | Saved: '/Users/armagan/Documents/agent-mesh/projects/ethereum-economic-zone/03-creative/eez-logo-3d-lines/out/frames_rgb/f_0188.png'
13:54.546  render           | Saved: '/Users/armagan/Documents/agent-mesh/projects/ethereum-economic-zone/03-creative/eez-logo-3d-lines/out/frames_rgb/f_0189.png'
13:58.811  render           | Saved: '/Users/armagan/Documents/agent-mesh/projects/ethereum-economic-zone/03-creative/eez-logo-3d-lines/out/frames_rgb/f_0190.png'
14:03.592  render           | Saved: '/Users/armagan/Documents/agent-mesh/projects/ethereum-economic-zone/03-creative/eez-logo-3d-lines/out/frames_rgb/f_0191.png'
14:08.131  render           | Saved: '/Users/armagan/Documents/agent-mesh/projects/ethereum-economic-zone/03-creative/eez-logo-3d-lines/out/frames_rgb/f_0192.png'
14:12.614  render           | Saved: '/Users/armagan/Documents/agent-mesh/projects/ethereum-economic-zone/03-creative/eez-logo-3d-lines/out/frames_rgb/f_0193.png'
14:17.055  render           | Saved: '/Users/armagan/Documents/agent-mesh/projects/ethereum-economic-zone/03-creative/eez-logo-3d-lines/out/frames_rgb/f_0194.png'
14:22.247  render           | Saved: '/Users/armagan/Documents/agent-mesh/projects/ethereum-economic-zone/03-creative/eez-logo-3d-lines/out/frames_rgb/f_0195.png'
14:26.615  render           | Saved: '/Users/armagan/Documents/agent-mesh/projects/ethereum-economic-zone/03-creative/eez-logo-3d-lines/out/frames_rgb/f_0196.png'
14:30.886  render           | Saved: '/Users/armagan/Documents/agent-mesh/projects/ethereum-economic-zone/03-creative/eez-logo-3d-lines/out/frames_rgb/f_0197.png'
14:35.154  render           | Saved: '/Users/armagan/Documents/agent-mesh/projects/ethereum-economic-zone/03-creative/eez-logo-3d-lines/out/frames_rgb/f_0198.png'
14:40.601  render           | Saved: '/Users/armagan/Documents/agent-mesh/projects/ethereum-economic-zone/03-creative/eez-logo-3d-lines/out/frames_rgb/f_0199.png'
14:47.157  render           | Saved: '/Users/armagan/Documents/agent-mesh/projects/ethereum-economic-zone/03-creative/eez-logo-3d-lines/out/frames_rgb/f_0200.png'
14:52.021  render           | Saved: '/Users/armagan/Documents/agent-mesh/projects/ethereum-economic-zone/03-creative/eez-logo-3d-lines/out/frames_rgb/f_0201.png'
14:57.556  render           | Saved: '/Users/armagan/Documents/agent-mesh/projects/ethereum-economic-zone/03-creative/eez-logo-3d-lines/out/frames_rgb/f_0202.png'
15:01.823  render           | Saved: '/Users/armagan/Documents/agent-mesh/projects/ethereum-economic-zone/03-creative/eez-logo-3d-lines/out/frames_rgb/f_0203.png'
15:06.108  render           | Saved: '/Users/armagan/Documents/agent-mesh/projects/ethereum-economic-zone/03-creative/eez-logo-3d-lines/out/frames_rgb/f_0204.png'
15:10.607  render           | Saved: '/Users/armagan/Documents/agent-mesh/projects/ethereum-economic-zone/03-creative/eez-logo-3d-lines/out/frames_rgb/f_0205.png'
15:15.029  render           | Saved: '/Users/armagan/Documents/agent-mesh/projects/ethereum-economic-zone/03-creative/eez-logo-3d-lines/out/frames_rgb/f_0206.png'
15:19.390  render           | Saved: '/Users/armagan/Documents/agent-mesh/projects/ethereum-economic-zone/03-creative/eez-logo-3d-lines/out/frames_rgb/f_0207.png'
15:24.056  render           | Saved: '/Users/armagan/Documents/agent-mesh/projects/ethereum-economic-zone/03-creative/eez-logo-3d-lines/out/frames_rgb/f_0208.png'
15:29.745  render           | Saved: '/Users/armagan/Documents/agent-mesh/projects/ethereum-economic-zone/03-creative/eez-logo-3d-lines/out/frames_rgb/f_0209.png'
15:34.952  render           | Saved: '/Users/armagan/Documents/agent-mesh/projects/ethereum-economic-zone/03-creative/eez-logo-3d-lines/out/frames_rgb/f_0210.png'
15:39.495  render           | Saved: '/Users/armagan/Documents/agent-mesh/projects/ethereum-economic-zone/03-creative/eez-logo-3d-lines/out/frames_rgb/f_0211.png'
15:44.199  render           | Saved: '/Users/armagan/Documents/agent-mesh/projects/ethereum-economic-zone/03-creative/eez-logo-3d-lines/out/frames_rgb/f_0212.png'
15:48.646  render           | Saved: '/Users/armagan/Documents/agent-mesh/projects/ethereum-economic-zone/03-creative/eez-logo-3d-lines/out/frames_rgb/f_0213.png'
15:53.886  render           | Saved: '/Users/armagan/Documents/agent-mesh/projects/ethereum-economic-zone/03-creative/eez-logo-3d-lines/out/frames_rgb/f_0214.png'
15:59.206  render           | Saved: '/Users/armagan/Documents/agent-mesh/projects/ethereum-economic-zone/03-creative/eez-logo-3d-lines/out/frames_rgb/f_0215.png'
16:04.420  render           | Saved: '/Users/armagan/Documents/agent-mesh/projects/ethereum-economic-zone/03-creative/eez-logo-3d-lines/out/frames_rgb/f_0216.png'
16:09.046  render           | Saved: '/Users/armagan/Documents/agent-mesh/projects/ethereum-economic-zone/03-creative/eez-logo-3d-lines/out/frames_rgb/f_0217.png'
16:14.053  render           | Saved: '/Users/armagan/Documents/agent-mesh/projects/ethereum-economic-zone/03-creative/eez-logo-3d-lines/out/frames_rgb/f_0218.png'
16:18.528  render           | Saved: '/Users/armagan/Documents/agent-mesh/projects/ethereum-economic-zone/03-creative/eez-logo-3d-lines/out/frames_rgb/f_0219.png'
16:22.827  render           | Saved: '/Users/armagan/Documents/agent-mesh/projects/ethereum-economic-zone/03-creative/eez-logo-3d-lines/out/frames_rgb/f_0220.png'
16:27.113  render           | Saved: '/Users/armagan/Documents/agent-mesh/projects/ethereum-economic-zone/03-creative/eez-logo-3d-lines/out/frames_rgb/f_0221.png'
16:31.340  render           | Saved: '/Users/armagan/Documents/agent-mesh/projects/ethereum-economic-zone/03-creative/eez-logo-3d-lines/out/frames_rgb/f_0222.png'
16:35.456  render           | Saved: '/Users/armagan/Documents/agent-mesh/projects/ethereum-economic-zone/03-creative/eez-logo-3d-lines/out/frames_rgb/f_0223.png'
16:39.826  render           | Saved: '/Users/armagan/Documents/agent-mesh/projects/ethereum-economic-zone/03-creative/eez-logo-3d-lines/out/frames_rgb/f_0224.png'
16:44.419  render           | Saved: '/Users/armagan/Documents/agent-mesh/projects/ethereum-economic-zone/03-creative/eez-logo-3d-lines/out/frames_rgb/f_0225.png'
16:49.056  render           | Saved: '/Users/armagan/Documents/agent-mesh/projects/ethereum-economic-zone/03-creative/eez-logo-3d-lines/out/frames_rgb/f_0226.png'
16:53.703  render           | Saved: '/Users/armagan/Documents/agent-mesh/projects/ethereum-economic-zone/03-creative/eez-logo-3d-lines/out/frames_rgb/f_0227.png'
16:57.962  render           | Saved: '/Users/armagan/Documents/agent-mesh/projects/ethereum-economic-zone/03-creative/eez-logo-3d-lines/out/frames_rgb/f_0228.png'
17:02.611  render           | Saved: '/Users/armagan/Documents/agent-mesh/projects/ethereum-economic-zone/03-creative/eez-logo-3d-lines/out/frames_rgb/f_0229.png'
17:07.362  render           | Saved: '/Users/armagan/Documents/agent-mesh/projects/ethereum-economic-zone/03-creative/eez-logo-3d-lines/out/frames_rgb/f_0230.png'
17:12.563  render           | Saved: '/Users/armagan/Documents/agent-mesh/projects/ethereum-economic-zone/03-creative/eez-logo-3d-lines/out/frames_rgb/f_0231.png'
17:17.160  render           | Saved: '/Users/armagan/Documents/agent-mesh/projects/ethereum-economic-zone/03-creative/eez-logo-3d-lines/out/frames_rgb/f_0232.png'
17:21.920  render           | Saved: '/Users/armagan/Documents/agent-mesh/projects/ethereum-economic-zone/03-creative/eez-logo-3d-lines/out/frames_rgb/f_0233.png'
17:26.583  render           | Saved: '/Users/armagan/Documents/agent-mesh/projects/ethereum-economic-zone/03-creative/eez-logo-3d-lines/out/frames_rgb/f_0234.png'
17:32.598  render           | Saved: '/Users/armagan/Documents/agent-mesh/projects/ethereum-economic-zone/03-creative/eez-logo-3d-lines/out/frames_rgb/f_0235.png'
17:38.166  render           | Saved: '/Users/armagan/Documents/agent-mesh/projects/ethereum-economic-zone/03-creative/eez-logo-3d-lines/out/frames_rgb/f_0236.png'
17:42.764  render           | Saved: '/Users/armagan/Documents/agent-mesh/projects/ethereum-economic-zone/03-creative/eez-logo-3d-lines/out/frames_rgb/f_0237.png'
17:47.585  render           | Saved: '/Users/armagan/Documents/agent-mesh/projects/ethereum-economic-zone/03-creative/eez-logo-3d-lines/out/frames_rgb/f_0238.png'
17:52.923  render           | Saved: '/Users/armagan/Documents/agent-mesh/projects/ethereum-economic-zone/03-creative/eez-logo-3d-lines/out/frames_rgb/f_0239.png'
17:58.223  render           | Saved: '/Users/armagan/Documents/agent-mesh/projects/ethereum-economic-zone/03-creative/eez-logo-3d-lines/out/frames_rgb/f_0240.png'
17:59.825  render           | Saved: '/Users/armagan/Documents/agent-mesh/projects/ethereum-economic-zone/03-creative/eez-logo-3d-lines/out/frames_rgba/f_0001.png'
18:01.403  render           | Saved: '/Users/armagan/Documents/agent-mesh/projects/ethereum-economic-zone/03-creative/eez-logo-3d-lines/out/frames_rgba/f_0002.png'
18:02.966  render           | Saved: '/Users/armagan/Documents/agent-mesh/projects/ethereum-economic-zone/03-creative/eez-logo-3d-lines/out/frames_rgba/f_0003.png'
18:04.605  render           | Saved: '/Users/armagan/Documents/agent-mesh/projects/ethereum-economic-zone/03-creative/eez-logo-3d-lines/out/frames_rgba/f_0004.png'
18:06.404  render           | Saved: '/Users/armagan/Documents/agent-mesh/projects/ethereum-economic-zone/03-creative/eez-logo-3d-lines/out/frames_rgba/f_0005.png'
18:08.459  render           | Saved: '/Users/armagan/Documents/agent-mesh/projects/ethereum-economic-zone/03-creative/eez-logo-3d-lines/out/frames_rgba/f_0006.png'
18:10.126  render           | Saved: '/Users/armagan/Documents/agent-mesh/projects/ethereum-economic-zone/03-creative/eez-logo-3d-lines/out/frames_rgba/f_0007.png'
18:12.084  render           | Saved: '/Users/armagan/Documents/agent-mesh/projects/ethereum-economic-zone/03-creative/eez-logo-3d-lines/out/frames_rgba/f_0008.png'
18:13.823  render           | Saved: '/Users/armagan/Documents/agent-mesh/projects/ethereum-economic-zone/03-creative/eez-logo-3d-lines/out/frames_rgba/f_0009.png'
18:15.283  render           | Saved: '/Users/armagan/Documents/agent-mesh/projects/ethereum-economic-zone/03-creative/eez-logo-3d-lines/out/frames_rgba/f_0010.png'
18:16.721  render           | Saved: '/Users/armagan/Documents/agent-mesh/projects/ethereum-economic-zone/03-creative/eez-logo-3d-lines/out/frames_rgba/f_0011.png'
18:18.204  render           | Saved: '/Users/armagan/Documents/agent-mesh/projects/ethereum-economic-zone/03-creative/eez-logo-3d-lines/out/frames_rgba/f_0012.png'
18:19.862  render           | Saved: '/Users/armagan/Documents/agent-mesh/projects/ethereum-economic-zone/03-creative/eez-logo-3d-lines/out/frames_rgba/f_0013.png'
18:21.454  render           | Saved: '/Users/armagan/Documents/agent-mesh/projects/ethereum-economic-zone/03-creative/eez-logo-3d-lines/out/frames_rgba/f_0014.png'
18:22.979  render           | Saved: '/Users/armagan/Documents/agent-mesh/projects/ethereum-economic-zone/03-creative/eez-logo-3d-lines/out/frames_rgba/f_0015.png'
18:24.539  render           | Saved: '/Users/armagan/Documents/agent-mesh/projects/ethereum-economic-zone/03-creative/eez-logo-3d-lines/out/frames_rgba/f_0016.png'
18:26.189  render           | Saved: '/Users/armagan/Documents/agent-mesh/projects/ethereum-economic-zone/03-creative/eez-logo-3d-lines/out/frames_rgba/f_0017.png'
18:27.936  render           | Saved: '/Users/armagan/Documents/agent-mesh/projects/ethereum-economic-zone/03-creative/eez-logo-3d-lines/out/frames_rgba/f_0018.png'
18:29.399  render           | Saved: '/Users/armagan/Documents/agent-mesh/projects/ethereum-economic-zone/03-creative/eez-logo-3d-lines/out/frames_rgba/f_0019.png'
18:30.989  render           | Saved: '/Users/armagan/Documents/agent-mesh/projects/ethereum-economic-zone/03-creative/eez-logo-3d-lines/out/frames_rgba/f_0020.png'
18:33.170  render           | Saved: '/Users/armagan/Documents/agent-mesh/projects/ethereum-economic-zone/03-creative/eez-logo-3d-lines/out/frames_rgba/f_0021.png'
18:34.859  render           | Saved: '/Users/armagan/Documents/agent-mesh/projects/ethereum-economic-zone/03-creative/eez-logo-3d-lines/out/frames_rgba/f_0022.png'
18:36.482  render           | Saved: '/Users/armagan/Documents/agent-mesh/projects/ethereum-economic-zone/03-creative/eez-logo-3d-lines/out/frames_rgba/f_0023.png'
18:38.314  render           | Saved: '/Users/armagan/Documents/agent-mesh/projects/ethereum-economic-zone/03-creative/eez-logo-3d-lines/out/frames_rgba/f_0024.png'
18:40.222  render           | Saved: '/Users/armagan/Documents/agent-mesh/projects/ethereum-economic-zone/03-creative/eez-logo-3d-lines/out/frames_rgba/f_0025.png'
18:41.655  render           | Saved: '/Users/armagan/Documents/agent-mesh/projects/ethereum-economic-zone/03-creative/eez-logo-3d-lines/out/frames_rgba/f_0026.png'
18:43.203  render           | Saved: '/Users/armagan/Documents/agent-mesh/projects/ethereum-economic-zone/03-creative/eez-logo-3d-lines/out/frames_rgba/f_0027.png'
18:45.007  render           | Saved: '/Users/armagan/Documents/agent-mesh/projects/ethereum-economic-zone/03-creative/eez-logo-3d-lines/out/frames_rgba/f_0028.png'
18:46.602  render           | Saved: '/Users/armagan/Documents/agent-mesh/projects/ethereum-economic-zone/03-creative/eez-logo-3d-lines/out/frames_rgba/f_0029.png'
18:48.262  render           | Saved: '/Users/armagan/Documents/agent-mesh/projects/ethereum-economic-zone/03-creative/eez-logo-3d-lines/out/frames_rgba/f_0030.png'
18:49.813  render           | Saved: '/Users/armagan/Documents/agent-mesh/projects/ethereum-economic-zone/03-creative/eez-logo-3d-lines/out/frames_rgba/f_0031.png'
18:51.953  render           | Saved: '/Users/armagan/Documents/agent-mesh/projects/ethereum-economic-zone/03-creative/eez-logo-3d-lines/out/frames_rgba/f_0032.png'
18:53.823  render           | Saved: '/Users/armagan/Documents/agent-mesh/projects/ethereum-economic-zone/03-creative/eez-logo-3d-lines/out/frames_rgba/f_0033.png'
18:55.409  render           | Saved: '/Users/armagan/Documents/agent-mesh/projects/ethereum-economic-zone/03-creative/eez-logo-3d-lines/out/frames_rgba/f_0034.png'
18:57.157  render           | Saved: '/Users/armagan/Documents/agent-mesh/projects/ethereum-economic-zone/03-creative/eez-logo-3d-lines/out/frames_rgba/f_0035.png'
18:58.907  render           | Saved: '/Users/armagan/Documents/agent-mesh/projects/ethereum-economic-zone/03-creative/eez-logo-3d-lines/out/frames_rgba/f_0036.png'
19:01.096  render           | Saved: '/Users/armagan/Documents/agent-mesh/projects/ethereum-economic-zone/03-creative/eez-logo-3d-lines/out/frames_rgba/f_0037.png'
19:03.139  render           | Saved: '/Users/armagan/Documents/agent-mesh/projects/ethereum-economic-zone/03-creative/eez-logo-3d-lines/out/frames_rgba/f_0038.png'
19:05.001  render           | Saved: '/Users/armagan/Documents/agent-mesh/projects/ethereum-economic-zone/03-creative/eez-logo-3d-lines/out/frames_rgba/f_0039.png'
19:06.894  render           | Saved: '/Users/armagan/Documents/agent-mesh/projects/ethereum-economic-zone/03-creative/eez-logo-3d-lines/out/frames_rgba/f_0040.png'
19:08.905  render           | Saved: '/Users/armagan/Documents/agent-mesh/projects/ethereum-economic-zone/03-creative/eez-logo-3d-lines/out/frames_rgba/f_0041.png'
19:10.739  render           | Saved: '/Users/armagan/Documents/agent-mesh/projects/ethereum-economic-zone/03-creative/eez-logo-3d-lines/out/frames_rgba/f_0042.png'
19:12.754  render           | Saved: '/Users/armagan/Documents/agent-mesh/projects/ethereum-economic-zone/03-creative/eez-logo-3d-lines/out/frames_rgba/f_0043.png'
19:14.503  render           | Saved: '/Users/armagan/Documents/agent-mesh/projects/ethereum-economic-zone/03-creative/eez-logo-3d-lines/out/frames_rgba/f_0044.png'
19:16.063  render           | Saved: '/Users/armagan/Documents/agent-mesh/projects/ethereum-economic-zone/03-creative/eez-logo-3d-lines/out/frames_rgba/f_0045.png'
19:17.555  render           | Saved: '/Users/armagan/Documents/agent-mesh/projects/ethereum-economic-zone/03-creative/eez-logo-3d-lines/out/frames_rgba/f_0046.png'
19:19.005  render           | Saved: '/Users/armagan/Documents/agent-mesh/projects/ethereum-economic-zone/03-creative/eez-logo-3d-lines/out/frames_rgba/f_0047.png'
19:20.429  render           | Saved: '/Users/armagan/Documents/agent-mesh/projects/ethereum-economic-zone/03-creative/eez-logo-3d-lines/out/frames_rgba/f_0048.png'
19:21.924  render           | Saved: '/Users/armagan/Documents/agent-mesh/projects/ethereum-economic-zone/03-creative/eez-logo-3d-lines/out/frames_rgba/f_0049.png'
19:23.518  render           | Saved: '/Users/armagan/Documents/agent-mesh/projects/ethereum-economic-zone/03-creative/eez-logo-3d-lines/out/frames_rgba/f_0050.png'
19:25.353  render           | Saved: '/Users/armagan/Documents/agent-mesh/projects/ethereum-economic-zone/03-creative/eez-logo-3d-lines/out/frames_rgba/f_0051.png'
19:26.828  render           | Saved: '/Users/armagan/Documents/agent-mesh/projects/ethereum-economic-zone/03-creative/eez-logo-3d-lines/out/frames_rgba/f_0052.png'
19:28.226  render           | Saved: '/Users/armagan/Documents/agent-mesh/projects/ethereum-economic-zone/03-creative/eez-logo-3d-lines/out/frames_rgba/f_0053.png'
19:29.648  render           | Saved: '/Users/armagan/Documents/agent-mesh/projects/ethereum-economic-zone/03-creative/eez-logo-3d-lines/out/frames_rgba/f_0054.png'
19:31.109  render           | Saved: '/Users/armagan/Documents/agent-mesh/projects/ethereum-economic-zone/03-creative/eez-logo-3d-lines/out/frames_rgba/f_0055.png'
19:32.538  render           | Saved: '/Users/armagan/Documents/agent-mesh/projects/ethereum-economic-zone/03-creative/eez-logo-3d-lines/out/frames_rgba/f_0056.png'
19:33.979  render           | Saved: '/Users/armagan/Documents/agent-mesh/projects/ethereum-economic-zone/03-creative/eez-logo-3d-lines/out/frames_rgba/f_0057.png'
19:35.379  render           | Saved: '/Users/armagan/Documents/agent-mesh/projects/ethereum-economic-zone/03-creative/eez-logo-3d-lines/out/frames_rgba/f_0058.png'
19:36.792  render           | Saved: '/Users/armagan/Documents/agent-mesh/projects/ethereum-economic-zone/03-creative/eez-logo-3d-lines/out/frames_rgba/f_0059.png'
19:38.201  render           | Saved: '/Users/armagan/Documents/agent-mesh/projects/ethereum-economic-zone/03-creative/eez-logo-3d-lines/out/frames_rgba/f_0060.png'
19:39.749  render           | Saved: '/Users/armagan/Documents/agent-mesh/projects/ethereum-economic-zone/03-creative/eez-logo-3d-lines/out/frames_rgba/f_0061.png'
19:41.333  render           | Saved: '/Users/armagan/Documents/agent-mesh/projects/ethereum-economic-zone/03-creative/eez-logo-3d-lines/out/frames_rgba/f_0062.png'
19:42.961  render           | Saved: '/Users/armagan/Documents/agent-mesh/projects/ethereum-economic-zone/03-creative/eez-logo-3d-lines/out/frames_rgba/f_0063.png'
19:44.448  render           | Saved: '/Users/armagan/Documents/agent-mesh/projects/ethereum-economic-zone/03-creative/eez-logo-3d-lines/out/frames_rgba/f_0064.png'
19:45.832  render           | Saved: '/Users/armagan/Documents/agent-mesh/projects/ethereum-economic-zone/03-creative/eez-logo-3d-lines/out/frames_rgba/f_0065.png'
19:47.270  render           | Saved: '/Users/armagan/Documents/agent-mesh/projects/ethereum-economic-zone/03-creative/eez-logo-3d-lines/out/frames_rgba/f_0066.png'
19:48.677  render           | Saved: '/Users/armagan/Documents/agent-mesh/projects/ethereum-economic-zone/03-creative/eez-logo-3d-lines/out/frames_rgba/f_0067.png'
19:50.106  render           | Saved: '/Users/armagan/Documents/agent-mesh/projects/ethereum-economic-zone/03-creative/eez-logo-3d-lines/out/frames_rgba/f_0068.png'
19:51.600  render           | Saved: '/Users/armagan/Documents/agent-mesh/projects/ethereum-economic-zone/03-creative/eez-logo-3d-lines/out/frames_rgba/f_0069.png'
19:52.996  render           | Saved: '/Users/armagan/Documents/agent-mesh/projects/ethereum-economic-zone/03-creative/eez-logo-3d-lines/out/frames_rgba/f_0070.png'
19:54.409  render           | Saved: '/Users/armagan/Documents/agent-mesh/projects/ethereum-economic-zone/03-creative/eez-logo-3d-lines/out/frames_rgba/f_0071.png'
19:55.827  render           | Saved: '/Users/armagan/Documents/agent-mesh/projects/ethereum-economic-zone/03-creative/eez-logo-3d-lines/out/frames_rgba/f_0072.png'
19:57.221  render           | Saved: '/Users/armagan/Documents/agent-mesh/projects/ethereum-economic-zone/03-creative/eez-logo-3d-lines/out/frames_rgba/f_0073.png'
19:58.577  render           | Saved: '/Users/armagan/Documents/agent-mesh/projects/ethereum-economic-zone/03-creative/eez-logo-3d-lines/out/frames_rgba/f_0074.png'
20:00.036  render           | Saved: '/Users/armagan/Documents/agent-mesh/projects/ethereum-economic-zone/03-creative/eez-logo-3d-lines/out/frames_rgba/f_0075.png'
20:01.476  render           | Saved: '/Users/armagan/Documents/agent-mesh/projects/ethereum-economic-zone/03-creative/eez-logo-3d-lines/out/frames_rgba/f_0076.png'
20:02.842  render           | Saved: '/Users/armagan/Documents/agent-mesh/projects/ethereum-economic-zone/03-creative/eez-logo-3d-lines/out/frames_rgba/f_0077.png'
20:04.279  render           | Saved: '/Users/armagan/Documents/agent-mesh/projects/ethereum-economic-zone/03-creative/eez-logo-3d-lines/out/frames_rgba/f_0078.png'
20:05.695  render           | Saved: '/Users/armagan/Documents/agent-mesh/projects/ethereum-economic-zone/03-creative/eez-logo-3d-lines/out/frames_rgba/f_0079.png'
20:07.097  render           | Saved: '/Users/armagan/Documents/agent-mesh/projects/ethereum-economic-zone/03-creative/eez-logo-3d-lines/out/frames_rgba/f_0080.png'
20:08.471  render           | Saved: '/Users/armagan/Documents/agent-mesh/projects/ethereum-economic-zone/03-creative/eez-logo-3d-lines/out/frames_rgba/f_0081.png'
20:09.784  render           | Saved: '/Users/armagan/Documents/agent-mesh/projects/ethereum-economic-zone/03-creative/eez-logo-3d-lines/out/frames_rgba/f_0082.png'
20:11.207  render           | Saved: '/Users/armagan/Documents/agent-mesh/projects/ethereum-economic-zone/03-creative/eez-logo-3d-lines/out/frames_rgba/f_0083.png'
20:12.650  render           | Saved: '/Users/armagan/Documents/agent-mesh/projects/ethereum-economic-zone/03-creative/eez-logo-3d-lines/out/frames_rgba/f_0084.png'
20:14.083  render           | Saved: '/Users/armagan/Documents/agent-mesh/projects/ethereum-economic-zone/03-creative/eez-logo-3d-lines/out/frames_rgba/f_0085.png'
20:15.539  render           | Saved: '/Users/armagan/Documents/agent-mesh/projects/ethereum-economic-zone/03-creative/eez-logo-3d-lines/out/frames_rgba/f_0086.png'
20:16.946  render           | Saved: '/Users/armagan/Documents/agent-mesh/projects/ethereum-economic-zone/03-creative/eez-logo-3d-lines/out/frames_rgba/f_0087.png'
20:18.372  render           | Saved: '/Users/armagan/Documents/agent-mesh/projects/ethereum-economic-zone/03-creative/eez-logo-3d-lines/out/frames_rgba/f_0088.png'
20:19.766  render           | Saved: '/Users/armagan/Documents/agent-mesh/projects/ethereum-economic-zone/03-creative/eez-logo-3d-lines/out/frames_rgba/f_0089.png'
20:21.207  render           | Saved: '/Users/armagan/Documents/agent-mesh/projects/ethereum-economic-zone/03-creative/eez-logo-3d-lines/out/frames_rgba/f_0090.png'
20:22.591  render           | Saved: '/Users/armagan/Documents/agent-mesh/projects/ethereum-economic-zone/03-creative/eez-logo-3d-lines/out/frames_rgba/f_0091.png'
20:23.979  render           | Saved: '/Users/armagan/Documents/agent-mesh/projects/ethereum-economic-zone/03-creative/eez-logo-3d-lines/out/frames_rgba/f_0092.png'
20:25.390  render           | Saved: '/Users/armagan/Documents/agent-mesh/projects/ethereum-economic-zone/03-creative/eez-logo-3d-lines/out/frames_rgba/f_0093.png'
20:26.809  render           | Saved: '/Users/armagan/Documents/agent-mesh/projects/ethereum-economic-zone/03-creative/eez-logo-3d-lines/out/frames_rgba/f_0094.png'
20:28.229  render           | Saved: '/Users/armagan/Documents/agent-mesh/projects/ethereum-economic-zone/03-creative/eez-logo-3d-lines/out/frames_rgba/f_0095.png'
20:29.774  render           | Saved: '/Users/armagan/Documents/agent-mesh/projects/ethereum-economic-zone/03-creative/eez-logo-3d-lines/out/frames_rgba/f_0096.png'
20:31.173  render           | Saved: '/Users/armagan/Documents/agent-mesh/projects/ethereum-economic-zone/03-creative/eez-logo-3d-lines/out/frames_rgba/f_0097.png'
20:32.596  render           | Saved: '/Users/armagan/Documents/agent-mesh/projects/ethereum-economic-zone/03-creative/eez-logo-3d-lines/out/frames_rgba/f_0098.png'
20:33.993  render           | Saved: '/Users/armagan/Documents/agent-mesh/projects/ethereum-economic-zone/03-creative/eez-logo-3d-lines/out/frames_rgba/f_0099.png'
20:35.356  render           | Saved: '/Users/armagan/Documents/agent-mesh/projects/ethereum-economic-zone/03-creative/eez-logo-3d-lines/out/frames_rgba/f_0100.png'
20:36.803  render           | Saved: '/Users/armagan/Documents/agent-mesh/projects/ethereum-economic-zone/03-creative/eez-logo-3d-lines/out/frames_rgba/f_0101.png'
20:38.264  render           | Saved: '/Users/armagan/Documents/agent-mesh/projects/ethereum-economic-zone/03-creative/eez-logo-3d-lines/out/frames_rgba/f_0102.png'
20:39.731  render           | Saved: '/Users/armagan/Documents/agent-mesh/projects/ethereum-economic-zone/03-creative/eez-logo-3d-lines/out/frames_rgba/f_0103.png'
20:41.105  render           | Saved: '/Users/armagan/Documents/agent-mesh/projects/ethereum-economic-zone/03-creative/eez-logo-3d-lines/out/frames_rgba/f_0104.png'
20:42.525  render           | Saved: '/Users/armagan/Documents/agent-mesh/projects/ethereum-economic-zone/03-creative/eez-logo-3d-lines/out/frames_rgba/f_0105.png'
20:43.847  render           | Saved: '/Users/armagan/Documents/agent-mesh/projects/ethereum-economic-zone/03-creative/eez-logo-3d-lines/out/frames_rgba/f_0106.png'
20:45.333  render           | Saved: '/Users/armagan/Documents/agent-mesh/projects/ethereum-economic-zone/03-creative/eez-logo-3d-lines/out/frames_rgba/f_0107.png'
20:46.770  render           | Saved: '/Users/armagan/Documents/agent-mesh/projects/ethereum-economic-zone/03-creative/eez-logo-3d-lines/out/frames_rgba/f_0108.png'
20:48.166  render           | Saved: '/Users/armagan/Documents/agent-mesh/projects/ethereum-economic-zone/03-creative/eez-logo-3d-lines/out/frames_rgba/f_0109.png'
20:49.605  render           | Saved: '/Users/armagan/Documents/agent-mesh/projects/ethereum-economic-zone/03-creative/eez-logo-3d-lines/out/frames_rgba/f_0110.png'
20:51.040  render           | Saved: '/Users/armagan/Documents/agent-mesh/projects/ethereum-economic-zone/03-creative/eez-logo-3d-lines/out/frames_rgba/f_0111.png'
20:52.411  render           | Saved: '/Users/armagan/Documents/agent-mesh/projects/ethereum-economic-zone/03-creative/eez-logo-3d-lines/out/frames_rgba/f_0112.png'
20:53.791  render           | Saved: '/Users/armagan/Documents/agent-mesh/projects/ethereum-economic-zone/03-creative/eez-logo-3d-lines/out/frames_rgba/f_0113.png'
20:55.169  render           | Saved: '/Users/armagan/Documents/agent-mesh/projects/ethereum-economic-zone/03-creative/eez-logo-3d-lines/out/frames_rgba/f_0114.png'
20:56.563  render           | Saved: '/Users/armagan/Documents/agent-mesh/projects/ethereum-economic-zone/03-creative/eez-logo-3d-lines/out/frames_rgba/f_0115.png'
20:57.969  render           | Saved: '/Users/armagan/Documents/agent-mesh/projects/ethereum-economic-zone/03-creative/eez-logo-3d-lines/out/frames_rgba/f_0116.png'
20:59.389  render           | Saved: '/Users/armagan/Documents/agent-mesh/projects/ethereum-economic-zone/03-creative/eez-logo-3d-lines/out/frames_rgba/f_0117.png'
21:00.797  render           | Saved: '/Users/armagan/Documents/agent-mesh/projects/ethereum-economic-zone/03-creative/eez-logo-3d-lines/out/frames_rgba/f_0118.png'
21:02.179  render           | Saved: '/Users/armagan/Documents/agent-mesh/projects/ethereum-economic-zone/03-creative/eez-logo-3d-lines/out/frames_rgba/f_0119.png'
21:03.580  render           | Saved: '/Users/armagan/Documents/agent-mesh/projects/ethereum-economic-zone/03-creative/eez-logo-3d-lines/out/frames_rgba/f_0120.png'
21:04.962  render           | Saved: '/Users/armagan/Documents/agent-mesh/projects/ethereum-economic-zone/03-creative/eez-logo-3d-lines/out/frames_rgba/f_0121.png'
21:06.359  render           | Saved: '/Users/armagan/Documents/agent-mesh/projects/ethereum-economic-zone/03-creative/eez-logo-3d-lines/out/frames_rgba/f_0122.png'
21:07.764  render           | Saved: '/Users/armagan/Documents/agent-mesh/projects/ethereum-economic-zone/03-creative/eez-logo-3d-lines/out/frames_rgba/f_0123.png'
21:09.151  render           | Saved: '/Users/armagan/Documents/agent-mesh/projects/ethereum-economic-zone/03-creative/eez-logo-3d-lines/out/frames_rgba/f_0124.png'
21:10.515  render           | Saved: '/Users/armagan/Documents/agent-mesh/projects/ethereum-economic-zone/03-creative/eez-logo-3d-lines/out/frames_rgba/f_0125.png'
21:11.899  render           | Saved: '/Users/armagan/Documents/agent-mesh/projects/ethereum-economic-zone/03-creative/eez-logo-3d-lines/out/frames_rgba/f_0126.png'
21:13.250  render           | Saved: '/Users/armagan/Documents/agent-mesh/projects/ethereum-economic-zone/03-creative/eez-logo-3d-lines/out/frames_rgba/f_0127.png'
21:14.637  render           | Saved: '/Users/armagan/Documents/agent-mesh/projects/ethereum-economic-zone/03-creative/eez-logo-3d-lines/out/frames_rgba/f_0128.png'
21:15.920  render           | Saved: '/Users/armagan/Documents/agent-mesh/projects/ethereum-economic-zone/03-creative/eez-logo-3d-lines/out/frames_rgba/f_0129.png'
21:17.312  render           | Saved: '/Users/armagan/Documents/agent-mesh/projects/ethereum-economic-zone/03-creative/eez-logo-3d-lines/out/frames_rgba/f_0130.png'
21:18.688  render           | Saved: '/Users/armagan/Documents/agent-mesh/projects/ethereum-economic-zone/03-creative/eez-logo-3d-lines/out/frames_rgba/f_0131.png'
21:20.059  render           | Saved: '/Users/armagan/Documents/agent-mesh/projects/ethereum-economic-zone/03-creative/eez-logo-3d-lines/out/frames_rgba/f_0132.png'
21:21.446  render           | Saved: '/Users/armagan/Documents/agent-mesh/projects/ethereum-economic-zone/03-creative/eez-logo-3d-lines/out/frames_rgba/f_0133.png'
21:22.827  render           | Saved: '/Users/armagan/Documents/agent-mesh/projects/ethereum-economic-zone/03-creative/eez-logo-3d-lines/out/frames_rgba/f_0134.png'
21:24.266  render           | Saved: '/Users/armagan/Documents/agent-mesh/projects/ethereum-economic-zone/03-creative/eez-logo-3d-lines/out/frames_rgba/f_0135.png'
21:25.654  render           | Saved: '/Users/armagan/Documents/agent-mesh/projects/ethereum-economic-zone/03-creative/eez-logo-3d-lines/out/frames_rgba/f_0136.png'
21:27.023  render           | Saved: '/Users/armagan/Documents/agent-mesh/projects/ethereum-economic-zone/03-creative/eez-logo-3d-lines/out/frames_rgba/f_0137.png'
21:28.395  render           | Saved: '/Users/armagan/Documents/agent-mesh/projects/ethereum-economic-zone/03-creative/eez-logo-3d-lines/out/frames_rgba/f_0138.png'
21:29.762  render           | Saved: '/Users/armagan/Documents/agent-mesh/projects/ethereum-economic-zone/03-creative/eez-logo-3d-lines/out/frames_rgba/f_0139.png'
21:31.120  render           | Saved: '/Users/armagan/Documents/agent-mesh/projects/ethereum-economic-zone/03-creative/eez-logo-3d-lines/out/frames_rgba/f_0140.png'
21:32.497  render           | Saved: '/Users/armagan/Documents/agent-mesh/projects/ethereum-economic-zone/03-creative/eez-logo-3d-lines/out/frames_rgba/f_0141.png'
21:33.888  render           | Saved: '/Users/armagan/Documents/agent-mesh/projects/ethereum-economic-zone/03-creative/eez-logo-3d-lines/out/frames_rgba/f_0142.png'
21:35.285  render           | Saved: '/Users/armagan/Documents/agent-mesh/projects/ethereum-economic-zone/03-creative/eez-logo-3d-lines/out/frames_rgba/f_0143.png'
21:36.630  render           | Saved: '/Users/armagan/Documents/agent-mesh/projects/ethereum-economic-zone/03-creative/eez-logo-3d-lines/out/frames_rgba/f_0144.png'
21:38.327  render           | Saved: '/Users/armagan/Documents/agent-mesh/projects/ethereum-economic-zone/03-creative/eez-logo-3d-lines/out/frames_rgba/f_0145.png'
21:39.897  render           | Saved: '/Users/armagan/Documents/agent-mesh/projects/ethereum-economic-zone/03-creative/eez-logo-3d-lines/out/frames_rgba/f_0146.png'
21:41.468  render           | Saved: '/Users/armagan/Documents/agent-mesh/projects/ethereum-economic-zone/03-creative/eez-logo-3d-lines/out/frames_rgba/f_0147.png'
21:42.994  render           | Saved: '/Users/armagan/Documents/agent-mesh/projects/ethereum-economic-zone/03-creative/eez-logo-3d-lines/out/frames_rgba/f_0148.png'
21:44.412  render           | Saved: '/Users/armagan/Documents/agent-mesh/projects/ethereum-economic-zone/03-creative/eez-logo-3d-lines/out/frames_rgba/f_0149.png'
21:45.825  render           | Saved: '/Users/armagan/Documents/agent-mesh/projects/ethereum-economic-zone/03-creative/eez-logo-3d-lines/out/frames_rgba/f_0150.png'
21:47.289  render           | Saved: '/Users/armagan/Documents/agent-mesh/projects/ethereum-economic-zone/03-creative/eez-logo-3d-lines/out/frames_rgba/f_0151.png'
21:48.678  render           | Saved: '/Users/armagan/Documents/agent-mesh/projects/ethereum-economic-zone/03-creative/eez-logo-3d-lines/out/frames_rgba/f_0152.png'
21:50.068  render           | Saved: '/Users/armagan/Documents/agent-mesh/projects/ethereum-economic-zone/03-creative/eez-logo-3d-lines/out/frames_rgba/f_0153.png'
21:51.604  render           | Saved: '/Users/armagan/Documents/agent-mesh/projects/ethereum-economic-zone/03-creative/eez-logo-3d-lines/out/frames_rgba/f_0154.png'
21:53.101  render           | Saved: '/Users/armagan/Documents/agent-mesh/projects/ethereum-economic-zone/03-creative/eez-logo-3d-lines/out/frames_rgba/f_0155.png'
21:54.570  render           | Saved: '/Users/armagan/Documents/agent-mesh/projects/ethereum-economic-zone/03-creative/eez-logo-3d-lines/out/frames_rgba/f_0156.png'
21:55.990  render           | Saved: '/Users/armagan/Documents/agent-mesh/projects/ethereum-economic-zone/03-creative/eez-logo-3d-lines/out/frames_rgba/f_0157.png'
21:57.395  render           | Saved: '/Users/armagan/Documents/agent-mesh/projects/ethereum-economic-zone/03-creative/eez-logo-3d-lines/out/frames_rgba/f_0158.png'
21:58.778  render           | Saved: '/Users/armagan/Documents/agent-mesh/projects/ethereum-economic-zone/03-creative/eez-logo-3d-lines/out/frames_rgba/f_0159.png'
22:00.220  render           | Saved: '/Users/armagan/Documents/agent-mesh/projects/ethereum-economic-zone/03-creative/eez-logo-3d-lines/out/frames_rgba/f_0160.png'
22:01.667  render           | Saved: '/Users/armagan/Documents/agent-mesh/projects/ethereum-economic-zone/03-creative/eez-logo-3d-lines/out/frames_rgba/f_0161.png'
22:03.086  render           | Saved: '/Users/armagan/Documents/agent-mesh/projects/ethereum-economic-zone/03-creative/eez-logo-3d-lines/out/frames_rgba/f_0162.png'
22:04.492  render           | Saved: '/Users/armagan/Documents/agent-mesh/projects/ethereum-economic-zone/03-creative/eez-logo-3d-lines/out/frames_rgba/f_0163.png'
22:05.864  render           | Saved: '/Users/armagan/Documents/agent-mesh/projects/ethereum-economic-zone/03-creative/eez-logo-3d-lines/out/frames_rgba/f_0164.png'
22:07.242  render           | Saved: '/Users/armagan/Documents/agent-mesh/projects/ethereum-economic-zone/03-creative/eez-logo-3d-lines/out/frames_rgba/f_0165.png'
22:08.650  render           | Saved: '/Users/armagan/Documents/agent-mesh/projects/ethereum-economic-zone/03-creative/eez-logo-3d-lines/out/frames_rgba/f_0166.png'
22:10.062  render           | Saved: '/Users/armagan/Documents/agent-mesh/projects/ethereum-economic-zone/03-creative/eez-logo-3d-lines/out/frames_rgba/f_0167.png'
22:11.452  render           | Saved: '/Users/armagan/Documents/agent-mesh/projects/ethereum-economic-zone/03-creative/eez-logo-3d-lines/out/frames_rgba/f_0168.png'
22:12.830  render           | Saved: '/Users/armagan/Documents/agent-mesh/projects/ethereum-economic-zone/03-creative/eez-logo-3d-lines/out/frames_rgba/f_0169.png'
22:14.239  render           | Saved: '/Users/armagan/Documents/agent-mesh/projects/ethereum-economic-zone/03-creative/eez-logo-3d-lines/out/frames_rgba/f_0170.png'
22:15.607  render           | Saved: '/Users/armagan/Documents/agent-mesh/projects/ethereum-economic-zone/03-creative/eez-logo-3d-lines/out/frames_rgba/f_0171.png'
22:16.984  render           | Saved: '/Users/armagan/Documents/agent-mesh/projects/ethereum-economic-zone/03-creative/eez-logo-3d-lines/out/frames_rgba/f_0172.png'
22:18.324  render           | Saved: '/Users/armagan/Documents/agent-mesh/projects/ethereum-economic-zone/03-creative/eez-logo-3d-lines/out/frames_rgba/f_0173.png'
22:19.758  render           | Saved: '/Users/armagan/Documents/agent-mesh/projects/ethereum-economic-zone/03-creative/eez-logo-3d-lines/out/frames_rgba/f_0174.png'
22:21.140  render           | Saved: '/Users/armagan/Documents/agent-mesh/projects/ethereum-economic-zone/03-creative/eez-logo-3d-lines/out/frames_rgba/f_0175.png'
22:22.543  render           | Saved: '/Users/armagan/Documents/agent-mesh/projects/ethereum-economic-zone/03-creative/eez-logo-3d-lines/out/frames_rgba/f_0176.png'
22:23.925  render           | Saved: '/Users/armagan/Documents/agent-mesh/projects/ethereum-economic-zone/03-creative/eez-logo-3d-lines/out/frames_rgba/f_0177.png'
22:25.295  render           | Saved: '/Users/armagan/Documents/agent-mesh/projects/ethereum-economic-zone/03-creative/eez-logo-3d-lines/out/frames_rgba/f_0178.png'
22:26.802  render           | Saved: '/Users/armagan/Documents/agent-mesh/projects/ethereum-economic-zone/03-creative/eez-logo-3d-lines/out/frames_rgba/f_0179.png'
22:28.526  render           | Saved: '/Users/armagan/Documents/agent-mesh/projects/ethereum-economic-zone/03-creative/eez-logo-3d-lines/out/frames_rgba/f_0180.png'
22:30.093  render           | Saved: '/Users/armagan/Documents/agent-mesh/projects/ethereum-economic-zone/03-creative/eez-logo-3d-lines/out/frames_rgba/f_0181.png'
22:31.697  render           | Saved: '/Users/armagan/Documents/agent-mesh/projects/ethereum-economic-zone/03-creative/eez-logo-3d-lines/out/frames_rgba/f_0182.png'
22:33.162  render           | Saved: '/Users/armagan/Documents/agent-mesh/projects/ethereum-economic-zone/03-creative/eez-logo-3d-lines/out/frames_rgba/f_0183.png'
22:34.543  render           | Saved: '/Users/armagan/Documents/agent-mesh/projects/ethereum-economic-zone/03-creative/eez-logo-3d-lines/out/frames_rgba/f_0184.png'
22:35.940  render           | Saved: '/Users/armagan/Documents/agent-mesh/projects/ethereum-economic-zone/03-creative/eez-logo-3d-lines/out/frames_rgba/f_0185.png'
22:37.340  render           | Saved: '/Users/armagan/Documents/agent-mesh/projects/ethereum-economic-zone/03-creative/eez-logo-3d-lines/out/frames_rgba/f_0186.png'
22:38.762  render           | Saved: '/Users/armagan/Documents/agent-mesh/projects/ethereum-economic-zone/03-creative/eez-logo-3d-lines/out/frames_rgba/f_0187.png'
22:40.159  render           | Saved: '/Users/armagan/Documents/agent-mesh/projects/ethereum-economic-zone/03-creative/eez-logo-3d-lines/out/frames_rgba/f_0188.png'
22:41.542  render           | Saved: '/Users/armagan/Documents/agent-mesh/projects/ethereum-economic-zone/03-creative/eez-logo-3d-lines/out/frames_rgba/f_0189.png'
22:42.944  render           | Saved: '/Users/armagan/Documents/agent-mesh/projects/ethereum-economic-zone/03-creative/eez-logo-3d-lines/out/frames_rgba/f_0190.png'
22:44.378  render           | Saved: '/Users/armagan/Documents/agent-mesh/projects/ethereum-economic-zone/03-creative/eez-logo-3d-lines/out/frames_rgba/f_0191.png'
22:45.734  render           | Saved: '/Users/armagan/Documents/agent-mesh/projects/ethereum-economic-zone/03-creative/eez-logo-3d-lines/out/frames_rgba/f_0192.png'
22:47.152  render           | Saved: '/Users/armagan/Documents/agent-mesh/projects/ethereum-economic-zone/03-creative/eez-logo-3d-lines/out/frames_rgba/f_0193.png'
22:48.580  render           | Saved: '/Users/armagan/Documents/agent-mesh/projects/ethereum-economic-zone/03-creative/eez-logo-3d-lines/out/frames_rgba/f_0194.png'
22:50.004  render           | Saved: '/Users/armagan/Documents/agent-mesh/projects/ethereum-economic-zone/03-creative/eez-logo-3d-lines/out/frames_rgba/f_0195.png'
22:51.409  render           | Saved: '/Users/armagan/Documents/agent-mesh/projects/ethereum-economic-zone/03-creative/eez-logo-3d-lines/out/frames_rgba/f_0196.png'
22:52.778  render           | Saved: '/Users/armagan/Documents/agent-mesh/projects/ethereum-economic-zone/03-creative/eez-logo-3d-lines/out/frames_rgba/f_0197.png'
22:54.160  render           | Saved: '/Users/armagan/Documents/agent-mesh/projects/ethereum-economic-zone/03-creative/eez-logo-3d-lines/out/frames_rgba/f_0198.png'
22:55.530  render           | Saved: '/Users/armagan/Documents/agent-mesh/projects/ethereum-economic-zone/03-creative/eez-logo-3d-lines/out/frames_rgba/f_0199.png'
22:56.929  render           | Saved: '/Users/armagan/Documents/agent-mesh/projects/ethereum-economic-zone/03-creative/eez-logo-3d-lines/out/frames_rgba/f_0200.png'
22:58.324  render           | Saved: '/Users/armagan/Documents/agent-mesh/projects/ethereum-economic-zone/03-creative/eez-logo-3d-lines/out/frames_rgba/f_0201.png'
22:59.735  render           | Saved: '/Users/armagan/Documents/agent-mesh/projects/ethereum-economic-zone/03-creative/eez-logo-3d-lines/out/frames_rgba/f_0202.png'
23:01.120  render           | Saved: '/Users/armagan/Documents/agent-mesh/projects/ethereum-economic-zone/03-creative/eez-logo-3d-lines/out/frames_rgba/f_0203.png'
23:02.542  render           | Saved: '/Users/armagan/Documents/agent-mesh/projects/ethereum-economic-zone/03-creative/eez-logo-3d-lines/out/frames_rgba/f_0204.png'
23:03.934  render           | Saved: '/Users/armagan/Documents/agent-mesh/projects/ethereum-economic-zone/03-creative/eez-logo-3d-lines/out/frames_rgba/f_0205.png'
23:05.352  render           | Saved: '/Users/armagan/Documents/agent-mesh/projects/ethereum-economic-zone/03-creative/eez-logo-3d-lines/out/frames_rgba/f_0206.png'
23:06.722  render           | Saved: '/Users/armagan/Documents/agent-mesh/projects/ethereum-economic-zone/03-creative/eez-logo-3d-lines/out/frames_rgba/f_0207.png'
23:08.137  render           | Saved: '/Users/armagan/Documents/agent-mesh/projects/ethereum-economic-zone/03-creative/eez-logo-3d-lines/out/frames_rgba/f_0208.png'
23:09.562  render           | Saved: '/Users/armagan/Documents/agent-mesh/projects/ethereum-economic-zone/03-creative/eez-logo-3d-lines/out/frames_rgba/f_0209.png'
23:10.982  render           | Saved: '/Users/armagan/Documents/agent-mesh/projects/ethereum-economic-zone/03-creative/eez-logo-3d-lines/out/frames_rgba/f_0210.png'
23:12.401  render           | Saved: '/Users/armagan/Documents/agent-mesh/projects/ethereum-economic-zone/03-creative/eez-logo-3d-lines/out/frames_rgba/f_0211.png'
23:13.811  render           | Saved: '/Users/armagan/Documents/agent-mesh/projects/ethereum-economic-zone/03-creative/eez-logo-3d-lines/out/frames_rgba/f_0212.png'
23:15.204  render           | Saved: '/Users/armagan/Documents/agent-mesh/projects/ethereum-economic-zone/03-creative/eez-logo-3d-lines/out/frames_rgba/f_0213.png'
23:16.584  render           | Saved: '/Users/armagan/Documents/agent-mesh/projects/ethereum-economic-zone/03-creative/eez-logo-3d-lines/out/frames_rgba/f_0214.png'
23:17.953  render           | Saved: '/Users/armagan/Documents/agent-mesh/projects/ethereum-economic-zone/03-creative/eez-logo-3d-lines/out/frames_rgba/f_0215.png'
23:19.341  render           | Saved: '/Users/armagan/Documents/agent-mesh/projects/ethereum-economic-zone/03-creative/eez-logo-3d-lines/out/frames_rgba/f_0216.png'
23:20.752  render           | Saved: '/Users/armagan/Documents/agent-mesh/projects/ethereum-economic-zone/03-creative/eez-logo-3d-lines/out/frames_rgba/f_0217.png'
23:22.145  render           | Saved: '/Users/armagan/Documents/agent-mesh/projects/ethereum-economic-zone/03-creative/eez-logo-3d-lines/out/frames_rgba/f_0218.png'
23:23.888  render           | Saved: '/Users/armagan/Documents/agent-mesh/projects/ethereum-economic-zone/03-creative/eez-logo-3d-lines/out/frames_rgba/f_0219.png'
23:25.538  render           | Saved: '/Users/armagan/Documents/agent-mesh/projects/ethereum-economic-zone/03-creative/eez-logo-3d-lines/out/frames_rgba/f_0220.png'
23:27.088  render           | Saved: '/Users/armagan/Documents/agent-mesh/projects/ethereum-economic-zone/03-creative/eez-logo-3d-lines/out/frames_rgba/f_0221.png'
23:28.503  render           | Saved: '/Users/armagan/Documents/agent-mesh/projects/ethereum-economic-zone/03-creative/eez-logo-3d-lines/out/frames_rgba/f_0222.png'
23:29.921  render           | Saved: '/Users/armagan/Documents/agent-mesh/projects/ethereum-economic-zone/03-creative/eez-logo-3d-lines/out/frames_rgba/f_0223.png'
23:31.399  render           | Saved: '/Users/armagan/Documents/agent-mesh/projects/ethereum-economic-zone/03-creative/eez-logo-3d-lines/out/frames_rgba/f_0224.png'
23:32.843  render           | Saved: '/Users/armagan/Documents/agent-mesh/projects/ethereum-economic-zone/03-creative/eez-logo-3d-lines/out/frames_rgba/f_0225.png'
23:34.275  render           | Saved: '/Users/armagan/Documents/agent-mesh/projects/ethereum-economic-zone/03-creative/eez-logo-3d-lines/out/frames_rgba/f_0226.png'
23:35.643  render           | Saved: '/Users/armagan/Documents/agent-mesh/projects/ethereum-economic-zone/03-creative/eez-logo-3d-lines/out/frames_rgba/f_0227.png'
23:37.024  render           | Saved: '/Users/armagan/Documents/agent-mesh/projects/ethereum-economic-zone/03-creative/eez-logo-3d-lines/out/frames_rgba/f_0228.png'
23:38.470  render           | Saved: '/Users/armagan/Documents/agent-mesh/projects/ethereum-economic-zone/03-creative/eez-logo-3d-lines/out/frames_rgba/f_0229.png'
23:39.960  render           | Saved: '/Users/armagan/Documents/agent-mesh/projects/ethereum-economic-zone/03-creative/eez-logo-3d-lines/out/frames_rgba/f_0230.png'
23:41.527  render           | Saved: '/Users/armagan/Documents/agent-mesh/projects/ethereum-economic-zone/03-creative/eez-logo-3d-lines/out/frames_rgba/f_0231.png'
23:43.258  render           | Saved: '/Users/armagan/Documents/agent-mesh/projects/ethereum-economic-zone/03-creative/eez-logo-3d-lines/out/frames_rgba/f_0232.png'
23:44.758  render           | Saved: '/Users/armagan/Documents/agent-mesh/projects/ethereum-economic-zone/03-creative/eez-logo-3d-lines/out/frames_rgba/f_0233.png'
23:46.134  render           | Saved: '/Users/armagan/Documents/agent-mesh/projects/ethereum-economic-zone/03-creative/eez-logo-3d-lines/out/frames_rgba/f_0234.png'
23:47.501  render           | Saved: '/Users/armagan/Documents/agent-mesh/projects/ethereum-economic-zone/03-creative/eez-logo-3d-lines/out/frames_rgba/f_0235.png'
23:48.883  render           | Saved: '/Users/armagan/Documents/agent-mesh/projects/ethereum-economic-zone/03-creative/eez-logo-3d-lines/out/frames_rgba/f_0236.png'
23:50.311  render           | Saved: '/Users/armagan/Documents/agent-mesh/projects/ethereum-economic-zone/03-creative/eez-logo-3d-lines/out/frames_rgba/f_0237.png'
23:51.751  render           | Saved: '/Users/armagan/Documents/agent-mesh/projects/ethereum-economic-zone/03-creative/eez-logo-3d-lines/out/frames_rgba/f_0238.png'
23:53.125  render           | Saved: '/Users/armagan/Documents/agent-mesh/projects/ethereum-economic-zone/03-creative/eez-logo-3d-lines/out/frames_rgba/f_0239.png'
23:54.535  render           | Saved: '/Users/armagan/Documents/agent-mesh/projects/ethereum-economic-zone/03-creative/eez-logo-3d-lines/out/frames_rgba/f_0240.png'
Blender 5.2.1 LTS (hash 9e2066aef7ef built 2026-08-25 01:35:57)
[eez] SVG splines: 6 (outer boundary + counters)
Info: Removed 0 vertices
[eez] ribbon: 8175 verts, 8183 faces; area=0.69265 perimeter=19.1255
[eez] stroke width = 0.07243 world units (3.292% of mark height, ~62.8 px at 2400)
[eez] beam depth = 0.08692 (1.20x stroke width); cap bevel = 0.01086 (0.15x)
[eez] silhouette x[-0.6968,0.6968] z[-1.1000,1.1000]  w/h=0.6335
[eez] cap edges marked for bevel: 16350
[eez] bevel: faces 24541 -> 57241 (+32700 = 16350 marked edges x 2 segments, WEIGHT limit)
[gate] --- robustness ---
[gate] faces=57241  verts=49050  connected components=1 (1 expected: the mark is one continuous stroke)
[gate] non-manifold edges .... 0
[gate] loose vertices ........ 0
[gate] zero-length edges ..... 0
[gate] degenerate faces (area<1e-12) .. 0
[gate] slivers, min corner angle <1deg .. 6006
[gate]          min corner angle 1-5deg . 9516
[gate]          <1deg split: 6006 on stroke caps, 0 on walls/bevels
[gate] self-intersecting face pairs (non-adjacent) .... 0
[gate] densest sliver cell: 94 faces at object (-0.2258, -0.7951) of 209 cells
[gate] STRUCTURAL: PASS — closed, manifold, no self-intersections
[gate] SLIVER HYGIENE: 6006 acute cap faces, 0 on walls/bevels (informational; verified invisible by zoom + strip)
[eez] fidelity matte -> out/fidelity_matte.png (ortho, front-on, span 2.332 = mark + 6% margin, pivot at identity)
Info: Saved as "eez_lines_3d.blend"
[eez] saved /Users/armagan/Documents/agent-mesh/projects/ethereum-economic-zone/03-creative/eez-logo-3d-lines/out/eez_lines_3d.blend
[eez] --- loop verification ---
[eez] frame   1  rotZ=+0.000000000 rad (+0.000000 deg)  locZ=+0.044000000
[eez] frame  61  rotZ=+0.785398185 rad (+45.000001 deg)  locZ=+0.000000000
[eez] frame 121  rotZ=+0.000000000 rad (+0.000000 deg)  locZ=-0.044000000
[eez] frame 181  rotZ=-0.785398185 rad (-45.000001 deg)  locZ=-0.000000000
[eez] frame 240  rotZ=-0.020559328 rad (-1.177963 deg)  locZ=+0.043984924
[eez] frame 241  rotZ=-0.000000000 rad (-0.000000 deg)  locZ=+0.044000000
[eez] pass A (opaque) done
[eez] pass B (alpha) done
