/Users/armagan/Documents/agent-mesh/projects/ethereum-economic-zone/03-creative/eez-logo-3d-lines/build_lines_3d.py:365: DeprecationWarning: 'Material.use_nodes' is expected to be removed in Blender 6.0
  mat.use_nodes = True
/Users/armagan/Documents/agent-mesh/projects/ethereum-economic-zone/03-creative/eez-logo-3d-lines/build_lines_3d.py:507: DeprecationWarning: 'World.use_nodes' is expected to be removed in Blender 6.0
  world.use_nodes = True
/Users/armagan/Documents/agent-mesh/projects/ethereum-economic-zone/03-creative/eez-logo-3d-lines/build_lines_3d.py:613: DeprecationWarning: 'Material.use_nodes' is expected to be removed in Blender 6.0
  fmat_w.use_nodes = True
00:03.988  render           | Saved: '/Users/armagan/Documents/agent-mesh/projects/ethereum-economic-zone/03-creative/eez-logo-3d-lines/out/fidelity_matte_360.png'
00:05.159  render           | Saved: '/Users/armagan/Documents/agent-mesh/projects/ethereum-economic-zone/03-creative/eez-logo-3d-lines/out/frames_360_rgba/f_0001.png'
00:06.537  render           | Saved: '/Users/armagan/Documents/agent-mesh/projects/ethereum-economic-zone/03-creative/eez-logo-3d-lines/out/frames_360_rgba/f_0002.png'
00:07.886  render           | Saved: '/Users/armagan/Documents/agent-mesh/projects/ethereum-economic-zone/03-creative/eez-logo-3d-lines/out/frames_360_rgba/f_0003.png'
00:09.252  render           | Saved: '/Users/armagan/Documents/agent-mesh/projects/ethereum-economic-zone/03-creative/eez-logo-3d-lines/out/frames_360_rgba/f_0004.png'
00:10.640  render           | Saved: '/Users/armagan/Documents/agent-mesh/projects/ethereum-economic-zone/03-creative/eez-logo-3d-lines/out/frames_360_rgba/f_0005.png'
00:12.001  render           | Saved: '/Users/armagan/Documents/agent-mesh/projects/ethereum-economic-zone/03-creative/eez-logo-3d-lines/out/frames_360_rgba/f_0006.png'
00:13.373  render           | Saved: '/Users/armagan/Documents/agent-mesh/projects/ethereum-economic-zone/03-creative/eez-logo-3d-lines/out/frames_360_rgba/f_0007.png'
00:14.741  render           | Saved: '/Users/armagan/Documents/agent-mesh/projects/ethereum-economic-zone/03-creative/eez-logo-3d-lines/out/frames_360_rgba/f_0008.png'
00:16.170  render           | Saved: '/Users/armagan/Documents/agent-mesh/projects/ethereum-economic-zone/03-creative/eez-logo-3d-lines/out/frames_360_rgba/f_0009.png'
00:17.549  render           | Saved: '/Users/armagan/Documents/agent-mesh/projects/ethereum-economic-zone/03-creative/eez-logo-3d-lines/out/frames_360_rgba/f_0010.png'
00:18.922  render           | Saved: '/Users/armagan/Documents/agent-mesh/projects/ethereum-economic-zone/03-creative/eez-logo-3d-lines/out/frames_360_rgba/f_0011.png'
00:20.305  render           | Saved: '/Users/armagan/Documents/agent-mesh/projects/ethereum-economic-zone/03-creative/eez-logo-3d-lines/out/frames_360_rgba/f_0012.png'
00:21.712  render           | Saved: '/Users/armagan/Documents/agent-mesh/projects/ethereum-economic-zone/03-creative/eez-logo-3d-lines/out/frames_360_rgba/f_0013.png'
00:23.091  render           | Saved: '/Users/armagan/Documents/agent-mesh/projects/ethereum-economic-zone/03-creative/eez-logo-3d-lines/out/frames_360_rgba/f_0014.png'
00:24.481  render           | Saved: '/Users/armagan/Documents/agent-mesh/projects/ethereum-economic-zone/03-creative/eez-logo-3d-lines/out/frames_360_rgba/f_0015.png'
00:25.867  render           | Saved: '/Users/armagan/Documents/agent-mesh/projects/ethereum-economic-zone/03-creative/eez-logo-3d-lines/out/frames_360_rgba/f_0016.png'
00:27.259  render           | Saved: '/Users/armagan/Documents/agent-mesh/projects/ethereum-economic-zone/03-creative/eez-logo-3d-lines/out/frames_360_rgba/f_0017.png'
00:28.662  render           | Saved: '/Users/armagan/Documents/agent-mesh/projects/ethereum-economic-zone/03-creative/eez-logo-3d-lines/out/frames_360_rgba/f_0018.png'
00:30.049  render           | Saved: '/Users/armagan/Documents/agent-mesh/projects/ethereum-economic-zone/03-creative/eez-logo-3d-lines/out/frames_360_rgba/f_0019.png'
00:31.433  render           | Saved: '/Users/armagan/Documents/agent-mesh/projects/ethereum-economic-zone/03-creative/eez-logo-3d-lines/out/frames_360_rgba/f_0020.png'
00:32.816  render           | Saved: '/Users/armagan/Documents/agent-mesh/projects/ethereum-economic-zone/03-creative/eez-logo-3d-lines/out/frames_360_rgba/f_0021.png'
00:34.224  render           | Saved: '/Users/armagan/Documents/agent-mesh/projects/ethereum-economic-zone/03-creative/eez-logo-3d-lines/out/frames_360_rgba/f_0022.png'
00:35.615  render           | Saved: '/Users/armagan/Documents/agent-mesh/projects/ethereum-economic-zone/03-creative/eez-logo-3d-lines/out/frames_360_rgba/f_0023.png'
00:36.999  render           | Saved: '/Users/armagan/Documents/agent-mesh/projects/ethereum-economic-zone/03-creative/eez-logo-3d-lines/out/frames_360_rgba/f_0024.png'
00:38.383  render           | Saved: '/Users/armagan/Documents/agent-mesh/projects/ethereum-economic-zone/03-creative/eez-logo-3d-lines/out/frames_360_rgba/f_0025.png'
00:39.781  render           | Saved: '/Users/armagan/Documents/agent-mesh/projects/ethereum-economic-zone/03-creative/eez-logo-3d-lines/out/frames_360_rgba/f_0026.png'
00:41.196  render           | Saved: '/Users/armagan/Documents/agent-mesh/projects/ethereum-economic-zone/03-creative/eez-logo-3d-lines/out/frames_360_rgba/f_0027.png'
00:42.601  render           | Saved: '/Users/armagan/Documents/agent-mesh/projects/ethereum-economic-zone/03-creative/eez-logo-3d-lines/out/frames_360_rgba/f_0028.png'
00:44.007  render           | Saved: '/Users/armagan/Documents/agent-mesh/projects/ethereum-economic-zone/03-creative/eez-logo-3d-lines/out/frames_360_rgba/f_0029.png'
00:45.380  render           | Saved: '/Users/armagan/Documents/agent-mesh/projects/ethereum-economic-zone/03-creative/eez-logo-3d-lines/out/frames_360_rgba/f_0030.png'
00:47.102  render           | Saved: '/Users/armagan/Documents/agent-mesh/projects/ethereum-economic-zone/03-creative/eez-logo-3d-lines/out/frames_360_rgba/f_0031.png'
00:48.776  render           | Saved: '/Users/armagan/Documents/agent-mesh/projects/ethereum-economic-zone/03-creative/eez-logo-3d-lines/out/frames_360_rgba/f_0032.png'
00:50.271  render           | Saved: '/Users/armagan/Documents/agent-mesh/projects/ethereum-economic-zone/03-creative/eez-logo-3d-lines/out/frames_360_rgba/f_0033.png'
00:51.709  render           | Saved: '/Users/armagan/Documents/agent-mesh/projects/ethereum-economic-zone/03-creative/eez-logo-3d-lines/out/frames_360_rgba/f_0034.png'
00:53.172  render           | Saved: '/Users/armagan/Documents/agent-mesh/projects/ethereum-economic-zone/03-creative/eez-logo-3d-lines/out/frames_360_rgba/f_0035.png'
00:54.646  render           | Saved: '/Users/armagan/Documents/agent-mesh/projects/ethereum-economic-zone/03-creative/eez-logo-3d-lines/out/frames_360_rgba/f_0036.png'
00:56.110  render           | Saved: '/Users/armagan/Documents/agent-mesh/projects/ethereum-economic-zone/03-creative/eez-logo-3d-lines/out/frames_360_rgba/f_0037.png'
00:57.555  render           | Saved: '/Users/armagan/Documents/agent-mesh/projects/ethereum-economic-zone/03-creative/eez-logo-3d-lines/out/frames_360_rgba/f_0038.png'
00:58.958  render           | Saved: '/Users/armagan/Documents/agent-mesh/projects/ethereum-economic-zone/03-creative/eez-logo-3d-lines/out/frames_360_rgba/f_0039.png'
01:00.339  render           | Saved: '/Users/armagan/Documents/agent-mesh/projects/ethereum-economic-zone/03-creative/eez-logo-3d-lines/out/frames_360_rgba/f_0040.png'
01:01.690  render           | Saved: '/Users/armagan/Documents/agent-mesh/projects/ethereum-economic-zone/03-creative/eez-logo-3d-lines/out/frames_360_rgba/f_0041.png'
01:03.035  render           | Saved: '/Users/armagan/Documents/agent-mesh/projects/ethereum-economic-zone/03-creative/eez-logo-3d-lines/out/frames_360_rgba/f_0042.png'
01:04.432  render           | Saved: '/Users/armagan/Documents/agent-mesh/projects/ethereum-economic-zone/03-creative/eez-logo-3d-lines/out/frames_360_rgba/f_0043.png'
01:05.792  render           | Saved: '/Users/armagan/Documents/agent-mesh/projects/ethereum-economic-zone/03-creative/eez-logo-3d-lines/out/frames_360_rgba/f_0044.png'
01:07.145  render           | Saved: '/Users/armagan/Documents/agent-mesh/projects/ethereum-economic-zone/03-creative/eez-logo-3d-lines/out/frames_360_rgba/f_0045.png'
01:08.490  render           | Saved: '/Users/armagan/Documents/agent-mesh/projects/ethereum-economic-zone/03-creative/eez-logo-3d-lines/out/frames_360_rgba/f_0046.png'
01:09.983  render           | Saved: '/Users/armagan/Documents/agent-mesh/projects/ethereum-economic-zone/03-creative/eez-logo-3d-lines/out/frames_360_rgba/f_0047.png'
01:11.392  render           | Saved: '/Users/armagan/Documents/agent-mesh/projects/ethereum-economic-zone/03-creative/eez-logo-3d-lines/out/frames_360_rgba/f_0048.png'
01:12.771  render           | Saved: '/Users/armagan/Documents/agent-mesh/projects/ethereum-economic-zone/03-creative/eez-logo-3d-lines/out/frames_360_rgba/f_0049.png'
01:14.181  render           | Saved: '/Users/armagan/Documents/agent-mesh/projects/ethereum-economic-zone/03-creative/eez-logo-3d-lines/out/frames_360_rgba/f_0050.png'
01:15.506  render           | Saved: '/Users/armagan/Documents/agent-mesh/projects/ethereum-economic-zone/03-creative/eez-logo-3d-lines/out/frames_360_rgba/f_0051.png'
01:16.752  render           | Saved: '/Users/armagan/Documents/agent-mesh/projects/ethereum-economic-zone/03-creative/eez-logo-3d-lines/out/frames_360_rgba/f_0052.png'
01:18.009  render           | Saved: '/Users/armagan/Documents/agent-mesh/projects/ethereum-economic-zone/03-creative/eez-logo-3d-lines/out/frames_360_rgba/f_0053.png'
01:19.350  render           | Saved: '/Users/armagan/Documents/agent-mesh/projects/ethereum-economic-zone/03-creative/eez-logo-3d-lines/out/frames_360_rgba/f_0054.png'
01:20.633  render           | Saved: '/Users/armagan/Documents/agent-mesh/projects/ethereum-economic-zone/03-creative/eez-logo-3d-lines/out/frames_360_rgba/f_0055.png'
01:21.916  render           | Saved: '/Users/armagan/Documents/agent-mesh/projects/ethereum-economic-zone/03-creative/eez-logo-3d-lines/out/frames_360_rgba/f_0056.png'
01:23.177  render           | Saved: '/Users/armagan/Documents/agent-mesh/projects/ethereum-economic-zone/03-creative/eez-logo-3d-lines/out/frames_360_rgba/f_0057.png'
01:24.444  render           | Saved: '/Users/armagan/Documents/agent-mesh/projects/ethereum-economic-zone/03-creative/eez-logo-3d-lines/out/frames_360_rgba/f_0058.png'
01:25.689  render           | Saved: '/Users/armagan/Documents/agent-mesh/projects/ethereum-economic-zone/03-creative/eez-logo-3d-lines/out/frames_360_rgba/f_0059.png'
01:26.971  render           | Saved: '/Users/armagan/Documents/agent-mesh/projects/ethereum-economic-zone/03-creative/eez-logo-3d-lines/out/frames_360_rgba/f_0060.png'
01:28.240  render           | Saved: '/Users/armagan/Documents/agent-mesh/projects/ethereum-economic-zone/03-creative/eez-logo-3d-lines/out/frames_360_rgba/f_0061.png'
01:29.516  render           | Saved: '/Users/armagan/Documents/agent-mesh/projects/ethereum-economic-zone/03-creative/eez-logo-3d-lines/out/frames_360_rgba/f_0062.png'
01:30.819  render           | Saved: '/Users/armagan/Documents/agent-mesh/projects/ethereum-economic-zone/03-creative/eez-logo-3d-lines/out/frames_360_rgba/f_0063.png'
01:32.076  render           | Saved: '/Users/armagan/Documents/agent-mesh/projects/ethereum-economic-zone/03-creative/eez-logo-3d-lines/out/frames_360_rgba/f_0064.png'
01:33.338  render           | Saved: '/Users/armagan/Documents/agent-mesh/projects/ethereum-economic-zone/03-creative/eez-logo-3d-lines/out/frames_360_rgba/f_0065.png'
01:34.616  render           | Saved: '/Users/armagan/Documents/agent-mesh/projects/ethereum-economic-zone/03-creative/eez-logo-3d-lines/out/frames_360_rgba/f_0066.png'
01:35.917  render           | Saved: '/Users/armagan/Documents/agent-mesh/projects/ethereum-economic-zone/03-creative/eez-logo-3d-lines/out/frames_360_rgba/f_0067.png'
01:37.196  render           | Saved: '/Users/armagan/Documents/agent-mesh/projects/ethereum-economic-zone/03-creative/eez-logo-3d-lines/out/frames_360_rgba/f_0068.png'
01:38.482  render           | Saved: '/Users/armagan/Documents/agent-mesh/projects/ethereum-economic-zone/03-creative/eez-logo-3d-lines/out/frames_360_rgba/f_0069.png'
01:39.844  render           | Saved: '/Users/armagan/Documents/agent-mesh/projects/ethereum-economic-zone/03-creative/eez-logo-3d-lines/out/frames_360_rgba/f_0070.png'
01:41.139  render           | Saved: '/Users/armagan/Documents/agent-mesh/projects/ethereum-economic-zone/03-creative/eez-logo-3d-lines/out/frames_360_rgba/f_0071.png'
01:42.408  render           | Saved: '/Users/armagan/Documents/agent-mesh/projects/ethereum-economic-zone/03-creative/eez-logo-3d-lines/out/frames_360_rgba/f_0072.png'
01:43.687  render           | Saved: '/Users/armagan/Documents/agent-mesh/projects/ethereum-economic-zone/03-creative/eez-logo-3d-lines/out/frames_360_rgba/f_0073.png'
01:44.993  render           | Saved: '/Users/armagan/Documents/agent-mesh/projects/ethereum-economic-zone/03-creative/eez-logo-3d-lines/out/frames_360_rgba/f_0074.png'
01:46.306  render           | Saved: '/Users/armagan/Documents/agent-mesh/projects/ethereum-economic-zone/03-creative/eez-logo-3d-lines/out/frames_360_rgba/f_0075.png'
01:47.596  render           | Saved: '/Users/armagan/Documents/agent-mesh/projects/ethereum-economic-zone/03-creative/eez-logo-3d-lines/out/frames_360_rgba/f_0076.png'
01:48.878  render           | Saved: '/Users/armagan/Documents/agent-mesh/projects/ethereum-economic-zone/03-creative/eez-logo-3d-lines/out/frames_360_rgba/f_0077.png'
01:50.154  render           | Saved: '/Users/armagan/Documents/agent-mesh/projects/ethereum-economic-zone/03-creative/eez-logo-3d-lines/out/frames_360_rgba/f_0078.png'
01:51.484  render           | Saved: '/Users/armagan/Documents/agent-mesh/projects/ethereum-economic-zone/03-creative/eez-logo-3d-lines/out/frames_360_rgba/f_0079.png'
01:52.810  render           | Saved: '/Users/armagan/Documents/agent-mesh/projects/ethereum-economic-zone/03-creative/eez-logo-3d-lines/out/frames_360_rgba/f_0080.png'
01:54.117  render           | Saved: '/Users/armagan/Documents/agent-mesh/projects/ethereum-economic-zone/03-creative/eez-logo-3d-lines/out/frames_360_rgba/f_0081.png'
01:55.423  render           | Saved: '/Users/armagan/Documents/agent-mesh/projects/ethereum-economic-zone/03-creative/eez-logo-3d-lines/out/frames_360_rgba/f_0082.png'
01:56.740  render           | Saved: '/Users/armagan/Documents/agent-mesh/projects/ethereum-economic-zone/03-creative/eez-logo-3d-lines/out/frames_360_rgba/f_0083.png'
01:58.062  render           | Saved: '/Users/armagan/Documents/agent-mesh/projects/ethereum-economic-zone/03-creative/eez-logo-3d-lines/out/frames_360_rgba/f_0084.png'
01:59.425  render           | Saved: '/Users/armagan/Documents/agent-mesh/projects/ethereum-economic-zone/03-creative/eez-logo-3d-lines/out/frames_360_rgba/f_0085.png'
02:00.808  render           | Saved: '/Users/armagan/Documents/agent-mesh/projects/ethereum-economic-zone/03-creative/eez-logo-3d-lines/out/frames_360_rgba/f_0086.png'
02:02.150  render           | Saved: '/Users/armagan/Documents/agent-mesh/projects/ethereum-economic-zone/03-creative/eez-logo-3d-lines/out/frames_360_rgba/f_0087.png'
02:03.467  render           | Saved: '/Users/armagan/Documents/agent-mesh/projects/ethereum-economic-zone/03-creative/eez-logo-3d-lines/out/frames_360_rgba/f_0088.png'
02:04.795  render           | Saved: '/Users/armagan/Documents/agent-mesh/projects/ethereum-economic-zone/03-creative/eez-logo-3d-lines/out/frames_360_rgba/f_0089.png'
02:06.096  render           | Saved: '/Users/armagan/Documents/agent-mesh/projects/ethereum-economic-zone/03-creative/eez-logo-3d-lines/out/frames_360_rgba/f_0090.png'
02:07.464  render           | Saved: '/Users/armagan/Documents/agent-mesh/projects/ethereum-economic-zone/03-creative/eez-logo-3d-lines/out/frames_360_rgba/f_0091.png'
02:08.809  render           | Saved: '/Users/armagan/Documents/agent-mesh/projects/ethereum-economic-zone/03-creative/eez-logo-3d-lines/out/frames_360_rgba/f_0092.png'
02:10.143  render           | Saved: '/Users/armagan/Documents/agent-mesh/projects/ethereum-economic-zone/03-creative/eez-logo-3d-lines/out/frames_360_rgba/f_0093.png'
02:11.521  render           | Saved: '/Users/armagan/Documents/agent-mesh/projects/ethereum-economic-zone/03-creative/eez-logo-3d-lines/out/frames_360_rgba/f_0094.png'
02:12.861  render           | Saved: '/Users/armagan/Documents/agent-mesh/projects/ethereum-economic-zone/03-creative/eez-logo-3d-lines/out/frames_360_rgba/f_0095.png'
02:14.162  render           | Saved: '/Users/armagan/Documents/agent-mesh/projects/ethereum-economic-zone/03-creative/eez-logo-3d-lines/out/frames_360_rgba/f_0096.png'
02:15.498  render           | Saved: '/Users/armagan/Documents/agent-mesh/projects/ethereum-economic-zone/03-creative/eez-logo-3d-lines/out/frames_360_rgba/f_0097.png'
02:16.867  render           | Saved: '/Users/armagan/Documents/agent-mesh/projects/ethereum-economic-zone/03-creative/eez-logo-3d-lines/out/frames_360_rgba/f_0098.png'
02:18.245  render           | Saved: '/Users/armagan/Documents/agent-mesh/projects/ethereum-economic-zone/03-creative/eez-logo-3d-lines/out/frames_360_rgba/f_0099.png'
02:19.638  render           | Saved: '/Users/armagan/Documents/agent-mesh/projects/ethereum-economic-zone/03-creative/eez-logo-3d-lines/out/frames_360_rgba/f_0100.png'
02:20.979  render           | Saved: '/Users/armagan/Documents/agent-mesh/projects/ethereum-economic-zone/03-creative/eez-logo-3d-lines/out/frames_360_rgba/f_0101.png'
02:22.316  render           | Saved: '/Users/armagan/Documents/agent-mesh/projects/ethereum-economic-zone/03-creative/eez-logo-3d-lines/out/frames_360_rgba/f_0102.png'
02:23.635  render           | Saved: '/Users/armagan/Documents/agent-mesh/projects/ethereum-economic-zone/03-creative/eez-logo-3d-lines/out/frames_360_rgba/f_0103.png'
02:24.967  render           | Saved: '/Users/armagan/Documents/agent-mesh/projects/ethereum-economic-zone/03-creative/eez-logo-3d-lines/out/frames_360_rgba/f_0104.png'
02:26.322  render           | Saved: '/Users/armagan/Documents/agent-mesh/projects/ethereum-economic-zone/03-creative/eez-logo-3d-lines/out/frames_360_rgba/f_0105.png'
02:27.638  render           | Saved: '/Users/armagan/Documents/agent-mesh/projects/ethereum-economic-zone/03-creative/eez-logo-3d-lines/out/frames_360_rgba/f_0106.png'
02:28.968  render           | Saved: '/Users/armagan/Documents/agent-mesh/projects/ethereum-economic-zone/03-creative/eez-logo-3d-lines/out/frames_360_rgba/f_0107.png'
02:30.292  render           | Saved: '/Users/armagan/Documents/agent-mesh/projects/ethereum-economic-zone/03-creative/eez-logo-3d-lines/out/frames_360_rgba/f_0108.png'
02:31.613  render           | Saved: '/Users/armagan/Documents/agent-mesh/projects/ethereum-economic-zone/03-creative/eez-logo-3d-lines/out/frames_360_rgba/f_0109.png'
02:32.913  render           | Saved: '/Users/armagan/Documents/agent-mesh/projects/ethereum-economic-zone/03-creative/eez-logo-3d-lines/out/frames_360_rgba/f_0110.png'
02:34.233  render           | Saved: '/Users/armagan/Documents/agent-mesh/projects/ethereum-economic-zone/03-creative/eez-logo-3d-lines/out/frames_360_rgba/f_0111.png'
02:35.531  render           | Saved: '/Users/armagan/Documents/agent-mesh/projects/ethereum-economic-zone/03-creative/eez-logo-3d-lines/out/frames_360_rgba/f_0112.png'
02:36.855  render           | Saved: '/Users/armagan/Documents/agent-mesh/projects/ethereum-economic-zone/03-creative/eez-logo-3d-lines/out/frames_360_rgba/f_0113.png'
02:38.150  render           | Saved: '/Users/armagan/Documents/agent-mesh/projects/ethereum-economic-zone/03-creative/eez-logo-3d-lines/out/frames_360_rgba/f_0114.png'
02:39.461  render           | Saved: '/Users/armagan/Documents/agent-mesh/projects/ethereum-economic-zone/03-creative/eez-logo-3d-lines/out/frames_360_rgba/f_0115.png'
02:40.744  render           | Saved: '/Users/armagan/Documents/agent-mesh/projects/ethereum-economic-zone/03-creative/eez-logo-3d-lines/out/frames_360_rgba/f_0116.png'
02:42.054  render           | Saved: '/Users/armagan/Documents/agent-mesh/projects/ethereum-economic-zone/03-creative/eez-logo-3d-lines/out/frames_360_rgba/f_0117.png'
02:43.375  render           | Saved: '/Users/armagan/Documents/agent-mesh/projects/ethereum-economic-zone/03-creative/eez-logo-3d-lines/out/frames_360_rgba/f_0118.png'
02:44.706  render           | Saved: '/Users/armagan/Documents/agent-mesh/projects/ethereum-economic-zone/03-creative/eez-logo-3d-lines/out/frames_360_rgba/f_0119.png'
02:46.008  render           | Saved: '/Users/armagan/Documents/agent-mesh/projects/ethereum-economic-zone/03-creative/eez-logo-3d-lines/out/frames_360_rgba/f_0120.png'
02:47.316  render           | Saved: '/Users/armagan/Documents/agent-mesh/projects/ethereum-economic-zone/03-creative/eez-logo-3d-lines/out/frames_360_rgba/f_0121.png'
02:48.652  render           | Saved: '/Users/armagan/Documents/agent-mesh/projects/ethereum-economic-zone/03-creative/eez-logo-3d-lines/out/frames_360_rgba/f_0122.png'
02:50.189  render           | Saved: '/Users/armagan/Documents/agent-mesh/projects/ethereum-economic-zone/03-creative/eez-logo-3d-lines/out/frames_360_rgba/f_0123.png'
02:51.605  render           | Saved: '/Users/armagan/Documents/agent-mesh/projects/ethereum-economic-zone/03-creative/eez-logo-3d-lines/out/frames_360_rgba/f_0124.png'
02:53.017  render           | Saved: '/Users/armagan/Documents/agent-mesh/projects/ethereum-economic-zone/03-creative/eez-logo-3d-lines/out/frames_360_rgba/f_0125.png'
02:54.424  render           | Saved: '/Users/armagan/Documents/agent-mesh/projects/ethereum-economic-zone/03-creative/eez-logo-3d-lines/out/frames_360_rgba/f_0126.png'
02:55.816  render           | Saved: '/Users/armagan/Documents/agent-mesh/projects/ethereum-economic-zone/03-creative/eez-logo-3d-lines/out/frames_360_rgba/f_0127.png'
02:57.239  render           | Saved: '/Users/armagan/Documents/agent-mesh/projects/ethereum-economic-zone/03-creative/eez-logo-3d-lines/out/frames_360_rgba/f_0128.png'
02:58.621  render           | Saved: '/Users/armagan/Documents/agent-mesh/projects/ethereum-economic-zone/03-creative/eez-logo-3d-lines/out/frames_360_rgba/f_0129.png'
02:59.995  render           | Saved: '/Users/armagan/Documents/agent-mesh/projects/ethereum-economic-zone/03-creative/eez-logo-3d-lines/out/frames_360_rgba/f_0130.png'
03:01.340  render           | Saved: '/Users/armagan/Documents/agent-mesh/projects/ethereum-economic-zone/03-creative/eez-logo-3d-lines/out/frames_360_rgba/f_0131.png'
03:02.686  render           | Saved: '/Users/armagan/Documents/agent-mesh/projects/ethereum-economic-zone/03-creative/eez-logo-3d-lines/out/frames_360_rgba/f_0132.png'
03:04.050  render           | Saved: '/Users/armagan/Documents/agent-mesh/projects/ethereum-economic-zone/03-creative/eez-logo-3d-lines/out/frames_360_rgba/f_0133.png'
03:05.417  render           | Saved: '/Users/armagan/Documents/agent-mesh/projects/ethereum-economic-zone/03-creative/eez-logo-3d-lines/out/frames_360_rgba/f_0134.png'
03:06.769  render           | Saved: '/Users/armagan/Documents/agent-mesh/projects/ethereum-economic-zone/03-creative/eez-logo-3d-lines/out/frames_360_rgba/f_0135.png'
03:08.157  render           | Saved: '/Users/armagan/Documents/agent-mesh/projects/ethereum-economic-zone/03-creative/eez-logo-3d-lines/out/frames_360_rgba/f_0136.png'
03:09.524  render           | Saved: '/Users/armagan/Documents/agent-mesh/projects/ethereum-economic-zone/03-creative/eez-logo-3d-lines/out/frames_360_rgba/f_0137.png'
03:10.906  render           | Saved: '/Users/armagan/Documents/agent-mesh/projects/ethereum-economic-zone/03-creative/eez-logo-3d-lines/out/frames_360_rgba/f_0138.png'
03:12.275  render           | Saved: '/Users/armagan/Documents/agent-mesh/projects/ethereum-economic-zone/03-creative/eez-logo-3d-lines/out/frames_360_rgba/f_0139.png'
03:13.667  render           | Saved: '/Users/armagan/Documents/agent-mesh/projects/ethereum-economic-zone/03-creative/eez-logo-3d-lines/out/frames_360_rgba/f_0140.png'
03:15.027  render           | Saved: '/Users/armagan/Documents/agent-mesh/projects/ethereum-economic-zone/03-creative/eez-logo-3d-lines/out/frames_360_rgba/f_0141.png'
03:16.443  render           | Saved: '/Users/armagan/Documents/agent-mesh/projects/ethereum-economic-zone/03-creative/eez-logo-3d-lines/out/frames_360_rgba/f_0142.png'
03:17.827  render           | Saved: '/Users/armagan/Documents/agent-mesh/projects/ethereum-economic-zone/03-creative/eez-logo-3d-lines/out/frames_360_rgba/f_0143.png'
03:19.377  render           | Saved: '/Users/armagan/Documents/agent-mesh/projects/ethereum-economic-zone/03-creative/eez-logo-3d-lines/out/frames_360_rgba/f_0144.png'
03:20.801  render           | Saved: '/Users/armagan/Documents/agent-mesh/projects/ethereum-economic-zone/03-creative/eez-logo-3d-lines/out/frames_360_rgba/f_0145.png'
03:22.190  render           | Saved: '/Users/armagan/Documents/agent-mesh/projects/ethereum-economic-zone/03-creative/eez-logo-3d-lines/out/frames_360_rgba/f_0146.png'
03:23.586  render           | Saved: '/Users/armagan/Documents/agent-mesh/projects/ethereum-economic-zone/03-creative/eez-logo-3d-lines/out/frames_360_rgba/f_0147.png'
03:24.995  render           | Saved: '/Users/armagan/Documents/agent-mesh/projects/ethereum-economic-zone/03-creative/eez-logo-3d-lines/out/frames_360_rgba/f_0148.png'
03:26.351  render           | Saved: '/Users/armagan/Documents/agent-mesh/projects/ethereum-economic-zone/03-creative/eez-logo-3d-lines/out/frames_360_rgba/f_0149.png'
03:27.695  render           | Saved: '/Users/armagan/Documents/agent-mesh/projects/ethereum-economic-zone/03-creative/eez-logo-3d-lines/out/frames_360_rgba/f_0150.png'
03:29.055  render           | Saved: '/Users/armagan/Documents/agent-mesh/projects/ethereum-economic-zone/03-creative/eez-logo-3d-lines/out/frames_360_rgba/f_0151.png'
03:30.420  render           | Saved: '/Users/armagan/Documents/agent-mesh/projects/ethereum-economic-zone/03-creative/eez-logo-3d-lines/out/frames_360_rgba/f_0152.png'
03:31.731  render           | Saved: '/Users/armagan/Documents/agent-mesh/projects/ethereum-economic-zone/03-creative/eez-logo-3d-lines/out/frames_360_rgba/f_0153.png'
03:33.071  render           | Saved: '/Users/armagan/Documents/agent-mesh/projects/ethereum-economic-zone/03-creative/eez-logo-3d-lines/out/frames_360_rgba/f_0154.png'
03:34.425  render           | Saved: '/Users/armagan/Documents/agent-mesh/projects/ethereum-economic-zone/03-creative/eez-logo-3d-lines/out/frames_360_rgba/f_0155.png'
03:35.751  render           | Saved: '/Users/armagan/Documents/agent-mesh/projects/ethereum-economic-zone/03-creative/eez-logo-3d-lines/out/frames_360_rgba/f_0156.png'
03:37.065  render           | Saved: '/Users/armagan/Documents/agent-mesh/projects/ethereum-economic-zone/03-creative/eez-logo-3d-lines/out/frames_360_rgba/f_0157.png'
03:38.387  render           | Saved: '/Users/armagan/Documents/agent-mesh/projects/ethereum-economic-zone/03-creative/eez-logo-3d-lines/out/frames_360_rgba/f_0158.png'
03:39.696  render           | Saved: '/Users/armagan/Documents/agent-mesh/projects/ethereum-economic-zone/03-creative/eez-logo-3d-lines/out/frames_360_rgba/f_0159.png'
03:40.995  render           | Saved: '/Users/armagan/Documents/agent-mesh/projects/ethereum-economic-zone/03-creative/eez-logo-3d-lines/out/frames_360_rgba/f_0160.png'
03:42.428  render           | Saved: '/Users/armagan/Documents/agent-mesh/projects/ethereum-economic-zone/03-creative/eez-logo-3d-lines/out/frames_360_rgba/f_0161.png'
03:43.819  render           | Saved: '/Users/armagan/Documents/agent-mesh/projects/ethereum-economic-zone/03-creative/eez-logo-3d-lines/out/frames_360_rgba/f_0162.png'
03:45.225  render           | Saved: '/Users/armagan/Documents/agent-mesh/projects/ethereum-economic-zone/03-creative/eez-logo-3d-lines/out/frames_360_rgba/f_0163.png'
03:46.615  render           | Saved: '/Users/armagan/Documents/agent-mesh/projects/ethereum-economic-zone/03-creative/eez-logo-3d-lines/out/frames_360_rgba/f_0164.png'
03:47.957  render           | Saved: '/Users/armagan/Documents/agent-mesh/projects/ethereum-economic-zone/03-creative/eez-logo-3d-lines/out/frames_360_rgba/f_0165.png'
03:49.276  render           | Saved: '/Users/armagan/Documents/agent-mesh/projects/ethereum-economic-zone/03-creative/eez-logo-3d-lines/out/frames_360_rgba/f_0166.png'
03:50.726  render           | Saved: '/Users/armagan/Documents/agent-mesh/projects/ethereum-economic-zone/03-creative/eez-logo-3d-lines/out/frames_360_rgba/f_0167.png'
03:52.451  render           | Saved: '/Users/armagan/Documents/agent-mesh/projects/ethereum-economic-zone/03-creative/eez-logo-3d-lines/out/frames_360_rgba/f_0168.png'
03:54.170  render           | Saved: '/Users/armagan/Documents/agent-mesh/projects/ethereum-economic-zone/03-creative/eez-logo-3d-lines/out/frames_360_rgba/f_0169.png'
03:55.512  render           | Saved: '/Users/armagan/Documents/agent-mesh/projects/ethereum-economic-zone/03-creative/eez-logo-3d-lines/out/frames_360_rgba/f_0170.png'
03:56.853  render           | Saved: '/Users/armagan/Documents/agent-mesh/projects/ethereum-economic-zone/03-creative/eez-logo-3d-lines/out/frames_360_rgba/f_0171.png'
03:58.174  render           | Saved: '/Users/armagan/Documents/agent-mesh/projects/ethereum-economic-zone/03-creative/eez-logo-3d-lines/out/frames_360_rgba/f_0172.png'
03:59.417  render           | Saved: '/Users/armagan/Documents/agent-mesh/projects/ethereum-economic-zone/03-creative/eez-logo-3d-lines/out/frames_360_rgba/f_0173.png'
04:00.698  render           | Saved: '/Users/armagan/Documents/agent-mesh/projects/ethereum-economic-zone/03-creative/eez-logo-3d-lines/out/frames_360_rgba/f_0174.png'
04:02.012  render           | Saved: '/Users/armagan/Documents/agent-mesh/projects/ethereum-economic-zone/03-creative/eez-logo-3d-lines/out/frames_360_rgba/f_0175.png'
04:03.275  render           | Saved: '/Users/armagan/Documents/agent-mesh/projects/ethereum-economic-zone/03-creative/eez-logo-3d-lines/out/frames_360_rgba/f_0176.png'
04:04.677  render           | Saved: '/Users/armagan/Documents/agent-mesh/projects/ethereum-economic-zone/03-creative/eez-logo-3d-lines/out/frames_360_rgba/f_0177.png'
04:06.129  render           | Saved: '/Users/armagan/Documents/agent-mesh/projects/ethereum-economic-zone/03-creative/eez-logo-3d-lines/out/frames_360_rgba/f_0178.png'
04:07.740  render           | Saved: '/Users/armagan/Documents/agent-mesh/projects/ethereum-economic-zone/03-creative/eez-logo-3d-lines/out/frames_360_rgba/f_0179.png'
04:09.348  render           | Saved: '/Users/armagan/Documents/agent-mesh/projects/ethereum-economic-zone/03-creative/eez-logo-3d-lines/out/frames_360_rgba/f_0180.png'
04:10.957  render           | Saved: '/Users/armagan/Documents/agent-mesh/projects/ethereum-economic-zone/03-creative/eez-logo-3d-lines/out/frames_360_rgba/f_0181.png'
04:12.482  render           | Saved: '/Users/armagan/Documents/agent-mesh/projects/ethereum-economic-zone/03-creative/eez-logo-3d-lines/out/frames_360_rgba/f_0182.png'
04:13.837  render           | Saved: '/Users/armagan/Documents/agent-mesh/projects/ethereum-economic-zone/03-creative/eez-logo-3d-lines/out/frames_360_rgba/f_0183.png'
04:15.389  render           | Saved: '/Users/armagan/Documents/agent-mesh/projects/ethereum-economic-zone/03-creative/eez-logo-3d-lines/out/frames_360_rgba/f_0184.png'
04:16.898  render           | Saved: '/Users/armagan/Documents/agent-mesh/projects/ethereum-economic-zone/03-creative/eez-logo-3d-lines/out/frames_360_rgba/f_0185.png'
04:18.438  render           | Saved: '/Users/armagan/Documents/agent-mesh/projects/ethereum-economic-zone/03-creative/eez-logo-3d-lines/out/frames_360_rgba/f_0186.png'
04:19.954  render           | Saved: '/Users/armagan/Documents/agent-mesh/projects/ethereum-economic-zone/03-creative/eez-logo-3d-lines/out/frames_360_rgba/f_0187.png'
04:21.498  render           | Saved: '/Users/armagan/Documents/agent-mesh/projects/ethereum-economic-zone/03-creative/eez-logo-3d-lines/out/frames_360_rgba/f_0188.png'
04:23.058  render           | Saved: '/Users/armagan/Documents/agent-mesh/projects/ethereum-economic-zone/03-creative/eez-logo-3d-lines/out/frames_360_rgba/f_0189.png'
04:24.659  render           | Saved: '/Users/armagan/Documents/agent-mesh/projects/ethereum-economic-zone/03-creative/eez-logo-3d-lines/out/frames_360_rgba/f_0190.png'
04:26.146  render           | Saved: '/Users/armagan/Documents/agent-mesh/projects/ethereum-economic-zone/03-creative/eez-logo-3d-lines/out/frames_360_rgba/f_0191.png'
04:27.582  render           | Saved: '/Users/armagan/Documents/agent-mesh/projects/ethereum-economic-zone/03-creative/eez-logo-3d-lines/out/frames_360_rgba/f_0192.png'
04:29.178  render           | Saved: '/Users/armagan/Documents/agent-mesh/projects/ethereum-economic-zone/03-creative/eez-logo-3d-lines/out/frames_360_rgba/f_0193.png'
04:30.720  render           | Saved: '/Users/armagan/Documents/agent-mesh/projects/ethereum-economic-zone/03-creative/eez-logo-3d-lines/out/frames_360_rgba/f_0194.png'
04:32.166  render           | Saved: '/Users/armagan/Documents/agent-mesh/projects/ethereum-economic-zone/03-creative/eez-logo-3d-lines/out/frames_360_rgba/f_0195.png'
04:33.799  render           | Saved: '/Users/armagan/Documents/agent-mesh/projects/ethereum-economic-zone/03-creative/eez-logo-3d-lines/out/frames_360_rgba/f_0196.png'
04:35.341  render           | Saved: '/Users/armagan/Documents/agent-mesh/projects/ethereum-economic-zone/03-creative/eez-logo-3d-lines/out/frames_360_rgba/f_0197.png'
04:36.826  render           | Saved: '/Users/armagan/Documents/agent-mesh/projects/ethereum-economic-zone/03-creative/eez-logo-3d-lines/out/frames_360_rgba/f_0198.png'
04:38.280  render           | Saved: '/Users/armagan/Documents/agent-mesh/projects/ethereum-economic-zone/03-creative/eez-logo-3d-lines/out/frames_360_rgba/f_0199.png'
04:39.914  render           | Saved: '/Users/armagan/Documents/agent-mesh/projects/ethereum-economic-zone/03-creative/eez-logo-3d-lines/out/frames_360_rgba/f_0200.png'
04:41.483  render           | Saved: '/Users/armagan/Documents/agent-mesh/projects/ethereum-economic-zone/03-creative/eez-logo-3d-lines/out/frames_360_rgba/f_0201.png'
04:43.018  render           | Saved: '/Users/armagan/Documents/agent-mesh/projects/ethereum-economic-zone/03-creative/eez-logo-3d-lines/out/frames_360_rgba/f_0202.png'
04:44.541  render           | Saved: '/Users/armagan/Documents/agent-mesh/projects/ethereum-economic-zone/03-creative/eez-logo-3d-lines/out/frames_360_rgba/f_0203.png'
04:46.053  render           | Saved: '/Users/armagan/Documents/agent-mesh/projects/ethereum-economic-zone/03-creative/eez-logo-3d-lines/out/frames_360_rgba/f_0204.png'
04:47.502  render           | Saved: '/Users/armagan/Documents/agent-mesh/projects/ethereum-economic-zone/03-creative/eez-logo-3d-lines/out/frames_360_rgba/f_0205.png'
04:49.112  render           | Saved: '/Users/armagan/Documents/agent-mesh/projects/ethereum-economic-zone/03-creative/eez-logo-3d-lines/out/frames_360_rgba/f_0206.png'
04:50.810  render           | Saved: '/Users/armagan/Documents/agent-mesh/projects/ethereum-economic-zone/03-creative/eez-logo-3d-lines/out/frames_360_rgba/f_0207.png'
04:52.428  render           | Saved: '/Users/armagan/Documents/agent-mesh/projects/ethereum-economic-zone/03-creative/eez-logo-3d-lines/out/frames_360_rgba/f_0208.png'
04:53.910  render           | Saved: '/Users/armagan/Documents/agent-mesh/projects/ethereum-economic-zone/03-creative/eez-logo-3d-lines/out/frames_360_rgba/f_0209.png'
04:55.354  render           | Saved: '/Users/armagan/Documents/agent-mesh/projects/ethereum-economic-zone/03-creative/eez-logo-3d-lines/out/frames_360_rgba/f_0210.png'
04:56.852  render           | Saved: '/Users/armagan/Documents/agent-mesh/projects/ethereum-economic-zone/03-creative/eez-logo-3d-lines/out/frames_360_rgba/f_0211.png'
04:58.603  render           | Saved: '/Users/armagan/Documents/agent-mesh/projects/ethereum-economic-zone/03-creative/eez-logo-3d-lines/out/frames_360_rgba/f_0212.png'
05:00.129  render           | Saved: '/Users/armagan/Documents/agent-mesh/projects/ethereum-economic-zone/03-creative/eez-logo-3d-lines/out/frames_360_rgba/f_0213.png'
05:01.577  render           | Saved: '/Users/armagan/Documents/agent-mesh/projects/ethereum-economic-zone/03-creative/eez-logo-3d-lines/out/frames_360_rgba/f_0214.png'
05:03.091  render           | Saved: '/Users/armagan/Documents/agent-mesh/projects/ethereum-economic-zone/03-creative/eez-logo-3d-lines/out/frames_360_rgba/f_0215.png'
05:04.443  render           | Saved: '/Users/armagan/Documents/agent-mesh/projects/ethereum-economic-zone/03-creative/eez-logo-3d-lines/out/frames_360_rgba/f_0216.png'
05:05.799  render           | Saved: '/Users/armagan/Documents/agent-mesh/projects/ethereum-economic-zone/03-creative/eez-logo-3d-lines/out/frames_360_rgba/f_0217.png'
05:07.193  render           | Saved: '/Users/armagan/Documents/agent-mesh/projects/ethereum-economic-zone/03-creative/eez-logo-3d-lines/out/frames_360_rgba/f_0218.png'
05:08.565  render           | Saved: '/Users/armagan/Documents/agent-mesh/projects/ethereum-economic-zone/03-creative/eez-logo-3d-lines/out/frames_360_rgba/f_0219.png'
05:09.895  render           | Saved: '/Users/armagan/Documents/agent-mesh/projects/ethereum-economic-zone/03-creative/eez-logo-3d-lines/out/frames_360_rgba/f_0220.png'
05:11.332  render           | Saved: '/Users/armagan/Documents/agent-mesh/projects/ethereum-economic-zone/03-creative/eez-logo-3d-lines/out/frames_360_rgba/f_0221.png'
05:12.654  render           | Saved: '/Users/armagan/Documents/agent-mesh/projects/ethereum-economic-zone/03-creative/eez-logo-3d-lines/out/frames_360_rgba/f_0222.png'
05:13.989  render           | Saved: '/Users/armagan/Documents/agent-mesh/projects/ethereum-economic-zone/03-creative/eez-logo-3d-lines/out/frames_360_rgba/f_0223.png'
05:15.311  render           | Saved: '/Users/armagan/Documents/agent-mesh/projects/ethereum-economic-zone/03-creative/eez-logo-3d-lines/out/frames_360_rgba/f_0224.png'
05:16.624  render           | Saved: '/Users/armagan/Documents/agent-mesh/projects/ethereum-economic-zone/03-creative/eez-logo-3d-lines/out/frames_360_rgba/f_0225.png'
05:17.934  render           | Saved: '/Users/armagan/Documents/agent-mesh/projects/ethereum-economic-zone/03-creative/eez-logo-3d-lines/out/frames_360_rgba/f_0226.png'
05:19.270  render           | Saved: '/Users/armagan/Documents/agent-mesh/projects/ethereum-economic-zone/03-creative/eez-logo-3d-lines/out/frames_360_rgba/f_0227.png'
05:20.591  render           | Saved: '/Users/armagan/Documents/agent-mesh/projects/ethereum-economic-zone/03-creative/eez-logo-3d-lines/out/frames_360_rgba/f_0228.png'
05:21.975  render           | Saved: '/Users/armagan/Documents/agent-mesh/projects/ethereum-economic-zone/03-creative/eez-logo-3d-lines/out/frames_360_rgba/f_0229.png'
05:23.495  render           | Saved: '/Users/armagan/Documents/agent-mesh/projects/ethereum-economic-zone/03-creative/eez-logo-3d-lines/out/frames_360_rgba/f_0230.png'
05:25.151  render           | Saved: '/Users/armagan/Documents/agent-mesh/projects/ethereum-economic-zone/03-creative/eez-logo-3d-lines/out/frames_360_rgba/f_0231.png'
05:26.571  render           | Saved: '/Users/armagan/Documents/agent-mesh/projects/ethereum-economic-zone/03-creative/eez-logo-3d-lines/out/frames_360_rgba/f_0232.png'
05:27.920  render           | Saved: '/Users/armagan/Documents/agent-mesh/projects/ethereum-economic-zone/03-creative/eez-logo-3d-lines/out/frames_360_rgba/f_0233.png'
05:29.349  render           | Saved: '/Users/armagan/Documents/agent-mesh/projects/ethereum-economic-zone/03-creative/eez-logo-3d-lines/out/frames_360_rgba/f_0234.png'
05:30.919  render           | Saved: '/Users/armagan/Documents/agent-mesh/projects/ethereum-economic-zone/03-creative/eez-logo-3d-lines/out/frames_360_rgba/f_0235.png'
05:32.319  render           | Saved: '/Users/armagan/Documents/agent-mesh/projects/ethereum-economic-zone/03-creative/eez-logo-3d-lines/out/frames_360_rgba/f_0236.png'
05:33.752  render           | Saved: '/Users/armagan/Documents/agent-mesh/projects/ethereum-economic-zone/03-creative/eez-logo-3d-lines/out/frames_360_rgba/f_0237.png'
05:35.219  render           | Saved: '/Users/armagan/Documents/agent-mesh/projects/ethereum-economic-zone/03-creative/eez-logo-3d-lines/out/frames_360_rgba/f_0238.png'
05:36.589  render           | Saved: '/Users/armagan/Documents/agent-mesh/projects/ethereum-economic-zone/03-creative/eez-logo-3d-lines/out/frames_360_rgba/f_0239.png'
05:37.958  render           | Saved: '/Users/armagan/Documents/agent-mesh/projects/ethereum-economic-zone/03-creative/eez-logo-3d-lines/out/frames_360_rgba/f_0240.png'
Blender 5.2.1 LTS (hash 9e2066aef7ef built 2026-08-25 01:35:57)
[eez] SVG splines: 6 (outer boundary + counters)
Info: Removed 0 vertices
[eez] ribbon: 8175 verts, 8183 faces; area=0.69265 perimeter=19.1255
[eez] stroke width = 0.07243 world units (3.292% of mark height, ~62.8 px at 2400)
[eez] beam depth = 0.08692 (1.20x stroke width); cap bevel = 0.01086 (0.15x)
[eez] silhouette x[-0.6968,0.6968] z[-1.1000,1.1000]  w/h=0.6335
[eez] cap edges marked for bevel: 16350
[eez] bevel: faces 24541 -> 57241 (+32700 = 16350 marked edges x 2 segments, WEIGHT limit)
[gate] --- robustness ---
[gate] faces=57241  verts=49050  connected components=1 (1 expected: the mark is one continuous stroke)
[gate] non-manifold edges .... 0
[gate] loose vertices ........ 0
[gate] zero-length edges ..... 0
[gate] degenerate faces (area<1e-12) .. 0
[gate] slivers, min corner angle <1deg .. 6006
[gate]          min corner angle 1-5deg . 9516
[gate]          <1deg split: 6006 on stroke caps, 0 on walls/bevels
[gate] self-intersecting face pairs (non-adjacent) .... 0
[gate] densest sliver cell: 94 faces at object (-0.2258, -0.7951) of 209 cells
[gate] STRUCTURAL: PASS — closed, manifold, no self-intersections
[gate] SLIVER HYGIENE: 6006 acute cap faces, 0 on walls/bevels (informational; verified invisible by zoom + strip)
[eez] fidelity matte -> out/fidelity_matte_360.png (ortho, front-on, span 2.332 = mark + 6% margin, pivot at identity)
Info: Saved as "eez_lines_3d_360.blend"
[eez] saved /Users/armagan/Documents/agent-mesh/projects/ethereum-economic-zone/03-creative/eez-logo-3d-lines/out/eez_lines_3d_360.blend
[eez] --- loop verification ---
[eez] frame   1  rotZ=+0.000000000 rad (+0.000000 deg)  locZ=+0.044000000
[eez] frame  61  rotZ=+1.570796371 rad (+90.000003 deg)  locZ=+0.000000000
[eez] frame 121  rotZ=+3.141592741 rad (+180.000005 deg)  locZ=-0.044000000
[eez] frame 181  rotZ=+4.712388992 rad (+270.000001 deg)  locZ=-0.000000000
[eez] frame 240  rotZ=+6.257005215 rad (+358.499991 deg)  locZ=+0.043984924
[eez] frame 241  rotZ=+6.283185482 rad (+360.000010 deg)  locZ=+0.044000000
[eez] void scene: alpha pass only; the MP4 is composited over #000000 downstream, so no opaque pass is rendered
[eez] alpha pass done -> out/frames_360_rgba
