=== grain (static plate, darkening-only, alpha untouched) ===
[grain] 40/240
[grain] 80/240
[grain] 120/240
[grain] 160/240
[grain] 200/240
[grain] 240/240
=== encode H.264 MP4, composited over #000000 ===
=== encode VP9 WebM (alpha preserved) ===
=== verify ===
out/eez_linework_360_black.mp4
    codec_name=h264
    width=2400
    height=2400
    pix_fmt=yuv420p
    r_frame_rate=30/1
    nb_read_frames=240
    duration=8.000000
    size=7.0M
out/eez_linework_360.webm
    codec_name=vp9
    width=2400
    height=2400
    pix_fmt=yuv420p
    r_frame_rate=30/1
    nb_read_frames=240
    TAG:alpha_mode=1
    duration=8.000000
    size=8.3M
