=== grain: opaque pass ===
[grain] 40/240
[grain] 80/240
[grain] 120/240
[grain] 160/240
[grain] 200/240
[grain] 240/240
=== grain: alpha pass ===
[grain] 40/240
[grain] 80/240
[grain] 120/240
[grain] 160/240
[grain] 200/240
[grain] 240/240
=== encode H.264 MP4 ===
=== encode VP9 WebM (alpha) ===
=== verify ===
out/eez_logo_swing.mp4
    codec_name=h264
    width=2400
    height=2400
    pix_fmt=yuv420p
    r_frame_rate=30/1
    nb_read_frames=240
    size=9.0M
out/eez_logo_swing.webm
    codec_name=vp9
    width=2400
    height=2400
    pix_fmt=yuv420p
    r_frame_rate=30/1
    nb_read_frames=240
    size=7.3M
